Archive member included to satisfy reference by file (symbol)

d:/program files (x86)/bigclown toolchain/gcc/bin/../lib/gcc/arm-none-eabi/7.3.1/../../../../arm-none-eabi/lib/thumb/v6-m\libc.a(lib_a-errno.o)
                              (__errno)
d:/program files (x86)/bigclown toolchain/gcc/bin/../lib/gcc/arm-none-eabi/7.3.1/../../../../arm-none-eabi/lib/thumb/v6-m\libc.a(lib_a-exit.o)
                              d:/program files (x86)/bigclown toolchain/gcc/bin/../lib/gcc/arm-none-eabi/7.3.1/../../../../arm-none-eabi/lib/thumb/v6-m/crt0.o (exit)
d:/program files (x86)/bigclown toolchain/gcc/bin/../lib/gcc/arm-none-eabi/7.3.1/../../../../arm-none-eabi/lib/thumb/v6-m\libc.a(lib_a-impure.o)
                              d:/program files (x86)/bigclown toolchain/gcc/bin/../lib/gcc/arm-none-eabi/7.3.1/../../../../arm-none-eabi/lib/thumb/v6-m\libc.a(lib_a-exit.o) (_global_impure_ptr)
d:/program files (x86)/bigclown toolchain/gcc/bin/../lib/gcc/arm-none-eabi/7.3.1/../../../../arm-none-eabi/lib/thumb/v6-m\libc.a(lib_a-init.o)
                              d:/program files (x86)/bigclown toolchain/gcc/bin/../lib/gcc/arm-none-eabi/7.3.1/../../../../arm-none-eabi/lib/thumb/v6-m/crt0.o (__libc_init_array)
d:/program files (x86)/bigclown toolchain/gcc/bin/../lib/gcc/arm-none-eabi/7.3.1/../../../../arm-none-eabi/lib/thumb/v6-m\libc.a(lib_a-memset.o)
                              d:/program files (x86)/bigclown toolchain/gcc/bin/../lib/gcc/arm-none-eabi/7.3.1/../../../../arm-none-eabi/lib/thumb/v6-m/crt0.o (memset)
d:/program files (x86)/bigclown toolchain/gcc/bin/../lib/gcc/arm-none-eabi/7.3.1/../../../../arm-none-eabi/lib/thumb/v6-m\libc.a(lib_a-__call_atexit.o)
                              d:/program files (x86)/bigclown toolchain/gcc/bin/../lib/gcc/arm-none-eabi/7.3.1/../../../../arm-none-eabi/lib/thumb/v6-m\libc.a(lib_a-exit.o) (__call_exitprocs)
d:/program files (x86)/bigclown toolchain/gcc/bin/../lib/gcc/arm-none-eabi/7.3.1/../../../../arm-none-eabi/lib/thumb/v6-m\libc.a(lib_a-atexit.o)
                              d:/program files (x86)/bigclown toolchain/gcc/bin/../lib/gcc/arm-none-eabi/7.3.1/../../../../arm-none-eabi/lib/thumb/v6-m\libc.a(lib_a-__call_atexit.o) (atexit)
d:/program files (x86)/bigclown toolchain/gcc/bin/../lib/gcc/arm-none-eabi/7.3.1/../../../../arm-none-eabi/lib/thumb/v6-m\libc.a(lib_a-fini.o)
                              d:/program files (x86)/bigclown toolchain/gcc/bin/../lib/gcc/arm-none-eabi/7.3.1/../../../../arm-none-eabi/lib/thumb/v6-m\libc.a(lib_a-__call_atexit.o) (__libc_fini_array)
d:/program files (x86)/bigclown toolchain/gcc/bin/../lib/gcc/arm-none-eabi/7.3.1/../../../../arm-none-eabi/lib/thumb/v6-m\libc.a(lib_a-lock.o)
                              d:/program files (x86)/bigclown toolchain/gcc/bin/../lib/gcc/arm-none-eabi/7.3.1/../../../../arm-none-eabi/lib/thumb/v6-m\libc.a(lib_a-__call_atexit.o) (__retarget_lock_acquire_recursive)
d:/program files (x86)/bigclown toolchain/gcc/bin/../lib/gcc/arm-none-eabi/7.3.1/../../../../arm-none-eabi/lib/thumb/v6-m\libc.a(lib_a-__atexit.o)
                              d:/program files (x86)/bigclown toolchain/gcc/bin/../lib/gcc/arm-none-eabi/7.3.1/../../../../arm-none-eabi/lib/thumb/v6-m\libc.a(lib_a-atexit.o) (__register_exitproc)
d:/program files (x86)/bigclown toolchain/gcc/bin/../lib/gcc/arm-none-eabi/7.3.1/thumb/v6-m\libgcc.a(_thumb1_case_uqi.o)
                              obj/release/sdk/bcl/src/bc_module_relay.o (__gnu_thumb1_case_uqi)
d:/program files (x86)/bigclown toolchain/gcc/bin/../lib/gcc/arm-none-eabi/7.3.1/thumb/v6-m\libgcc.a(_thumb1_case_shi.o)
                              obj/release/sdk/bcl/src/bc_cmwx1zzabz.o (__gnu_thumb1_case_shi)
d:/program files (x86)/bigclown toolchain/gcc/bin/../lib/gcc/arm-none-eabi/7.3.1/thumb/v6-m\libgcc.a(_thumb1_case_uhi.o)
                              obj/release/sdk/bcl/src/bc_module_battery.o (__gnu_thumb1_case_uhi)
d:/program files (x86)/bigclown toolchain/gcc/bin/../lib/gcc/arm-none-eabi/7.3.1/thumb/v6-m\libgcc.a(_udivsi3.o)
                              obj/release/sdk/bcl/src/bc_ir_rx.o (__aeabi_uidiv)
d:/program files (x86)/bigclown toolchain/gcc/bin/../lib/gcc/arm-none-eabi/7.3.1/thumb/v6-m\libgcc.a(_divsi3.o)
                              obj/release/sdk/bcl/src/bc_led_strip.o (__aeabi_idiv)
d:/program files (x86)/bigclown toolchain/gcc/bin/../lib/gcc/arm-none-eabi/7.3.1/thumb/v6-m\libgcc.a(_dvmd_tls.o)
                              d:/program files (x86)/bigclown toolchain/gcc/bin/../lib/gcc/arm-none-eabi/7.3.1/thumb/v6-m\libgcc.a(_udivsi3.o) (__aeabi_idiv0)
d:/program files (x86)/bigclown toolchain/gcc/bin/../lib/gcc/arm-none-eabi/7.3.1/thumb/v6-m\libgcc.a(_arm_cmpdf2.o)
                              obj/release/sdk/stm/spirit1/src/SPIRIT_Radio.o (__aeabi_dcmplt)
d:/program files (x86)/bigclown toolchain/gcc/bin/../lib/gcc/arm-none-eabi/7.3.1/thumb/v6-m\libgcc.a(_arm_cmpsf2.o)
[...]
Memory Configuration

Name             Origin             Length             Attributes
FLASH            0x08000000         0x00030000         xr
RAM              0x20000000         0x00005000         xrw
*default*        0x00000000         0xffffffff

Linker script and memory map

LOAD d:/program files (x86)/bigclown toolchain/gcc/bin/../lib/gcc/arm-none-eabi/7.3.1/thumb/v6-m/crti.o
LOAD d:/program files (x86)/bigclown toolchain/gcc/bin/../lib/gcc/arm-none-eabi/7.3.1/thumb/v6-m/crtbegin.o
LOAD d:/program files (x86)/bigclown toolchain/gcc/bin/../lib/gcc/arm-none-eabi/7.3.1/../../../../arm-none-eabi/lib/thumb/v6-m/crt0.o
LOAD d:/program files (x86)/bigclown toolchain/gcc/bin/../lib/gcc/arm-none-eabi/7.3.1/../../../../arm-none-eabi/lib/thumb/v6-m\libc.a
LOAD d:/program files (x86)/bigclown toolchain/gcc/bin/../lib/gcc/arm-none-eabi/7.3.1/../../../../arm-none-eabi/lib/thumb/v6-m\libm.a
LOAD obj/release/app/application.o
LOAD obj/release/sdk/bcl/src/bc_watchdog.o
LOAD obj/release/sdk/bcl/src/bc_ir_rx.o
LOAD obj/release/sdk/bcl/src/bc_spi.o
LOAD obj/release/sdk/bcl/src/bc_tag_barometer.o
LOAD obj/release/sdk/bcl/src/bc_module_relay.o
LOAD obj/release/sdk/bcl/src/bc_dfu.o
LOAD obj/release/sdk/bcl/src/bc_led.o
LOAD obj/release/sdk/bcl/src/bc_opt3001.o
LOAD obj/release/sdk/bcl/src/bc_onewire_relay.o
LOAD obj/release/sdk/bcl/src/bc_cy8cmbr3102.o
LOAD obj/release/sdk/bcl/src/bc_device_id.o
LOAD obj/release/sdk/bcl/src/bc_hts221.o
LOAD obj/release/sdk/bcl/src/bc_led_strip.o
LOAD obj/release/sdk/bcl/src/bc_rtc.o
LOAD obj/release/sdk/bcl/src/bc_ssd1306.o
LOAD obj/release/sdk/bcl/src/bc_atci.o
LOAD obj/release/sdk/bcl/src/bc_button.o
LOAD obj/release/sdk/bcl/src/bc_module_gps.o
LOAD obj/release/sdk/bcl/src/bc_module_battery.o
LOAD obj/release/sdk/bcl/src/bc_ds28e17.o
LOAD obj/release/sdk/bcl/src/bc_mpl3115a2.o
LOAD obj/release/sdk/bcl/src/bc_wssfm10r1at.o
LOAD obj/release/sdk/bcl/src/bc_flood_detector.o
LOAD obj/release/sdk/bcl/src/bc_zssc3123.o
LOAD obj/release/sdk/bcl/src/bc_radio_pub.o
LOAD obj/release/sdk/bcl/src/bc_module_encoder.o
LOAD obj/release/sdk/bcl/src/minmea.o
LOAD obj/release/sdk/bcl/src/bc_dice.o
LOAD obj/release/sdk/bcl/src/bc_usb_cdc.o
LOAD obj/release/sdk/bcl/src/bc_module_co2.o
LOAD obj/release/sdk/bcl/src/bc_font_ubuntu_15.o
LOAD obj/release/sdk/bcl/src/bc_lis2dh12.o
LOAD obj/release/sdk/bcl/src/bc_pyq1648.o
LOAD obj/release/sdk/bcl/src/bc_tag_lux_meter.o
LOAD obj/release/sdk/bcl/src/bc_fifo.o
LOAD obj/release/sdk/bcl/src/bc_tag_nfc.o
LOAD obj/release/sdk/bcl/src/bc_system.o
LOAD obj/release/sdk/bcl/src/bc_hc_sr04.o
LOAD obj/release/sdk/bcl/src/bc_onewire.o
LOAD obj/release/sdk/bcl/src/bc_uart.o
LOAD obj/release/sdk/bcl/src/bc_sht20.o
LOAD obj/release/sdk/bcl/src/bc_atsha204.o
LOAD obj/release/sdk/bcl/src/bc_dma.o
LOAD obj/release/sdk/bcl/src/bc_module_infra_grid.o
LOAD obj/release/sdk/bcl/src/bc_module_sigfox.o
LOAD obj/release/sdk/bcl/src/bc_gfx.o
LOAD obj/release/sdk/bcl/src/bc_servo.o
LOAD obj/release/sdk/bcl/src/bc_soil_sensor.o
LOAD obj/release/sdk/bcl/src/bc_log.o
LOAD obj/release/sdk/bcl/src/bc_analog_sensor.o
LOAD obj/release/sdk/bcl/src/bc_switch.o
LOAD obj/release/sdk/bcl/src/bc_td1207r.o
LOAD obj/release/sdk/bcl/src/bc_cmwx1zzabz.o
LOAD obj/release/sdk/bcl/src/bc_gpio.o
LOAD obj/release/sdk/bcl/src/bc_pulse_counter.o
LOAD obj/release/sdk/bcl/src/bc_sc16is740.o
LOAD obj/release/sdk/bcl/src/bc_aes.o
LOAD obj/release/sdk/bcl/src/bc_font_ubuntu_13.o
LOAD obj/release/sdk/bcl/src/jsmn.o
LOAD obj/release/sdk/bcl/src/bc_base64.o
LOAD obj/release/sdk/bcl/src/bc_sht30.o
LOAD obj/release/sdk/bcl/src/bc_pwm.o
LOAD obj/release/sdk/bcl/src/bc_exti.o
LOAD obj/release/sdk/bcl/src/bc_tmp112.o
LOAD obj/release/sdk/bcl/src/bc_lp8.o
LOAD obj/release/sdk/bcl/src/bc_radio.o
LOAD obj/release/sdk/bcl/src/bc_scheduler.o
LOAD obj/release/sdk/bcl/src/bc_irq.o
LOAD obj/release/sdk/bcl/src/bc_sgp30.o
LOAD obj/release/sdk/bcl/src/bc_sgpc3.o
LOAD obj/release/sdk/bcl/src/bc_data_stream.o
LOAD obj/release/sdk/bcl/src/bc_tca9534a.o
LOAD obj/release/sdk/bcl/src/bc_module_sensor.o
LOAD obj/release/sdk/bcl/src/bc_cp201t.o
LOAD obj/release/sdk/bcl/src/bc_queue.o
LOAD obj/release/sdk/bcl/src/bc_ls013b7dh03.o
LOAD obj/release/sdk/bcl/src/bc_ws2812b.o
LOAD obj/release/sdk/bcl/src/bc_i2c.o
LOAD obj/release/sdk/bcl/src/bc_tick.o
LOAD obj/release/sdk/bcl/src/bc_timer.o
LOAD obj/release/sdk/bcl/src/bc_font_ubuntu_11.o
LOAD obj/release/sdk/bcl/src/bc_sam_m8q.o
LOAD obj/release/sdk/bcl/src/bc_tag_temperature.o
LOAD obj/release/sdk/bcl/src/bc_module_climate.o
LOAD obj/release/sdk/bcl/src/bc_font_ubuntu_28.o
LOAD obj/release/sdk/bcl/src/bc_spirit1.o
LOAD obj/release/sdk/bcl/src/bc_module_power.o
LOAD obj/release/sdk/bcl/src/bc_dac.o
LOAD obj/release/sdk/bcl/src/bc_adc.o
LOAD obj/release/sdk/bcl/src/bc_radio_node.o
LOAD obj/release/sdk/bcl/src/bc_tag_humidity.o
LOAD obj/release/sdk/bcl/src/bc_module_lcd.o
LOAD obj/release/sdk/bcl/src/bc_font_ubuntu_33.o
LOAD obj/release/sdk/bcl/src/bc_font_ubuntu_24.o
LOAD obj/release/sdk/bcl/src/bc_hdc2080.o
LOAD obj/release/sdk/bcl/src/bc_eeprom.o
LOAD obj/release/sdk/bcl/src/bc_tag_voc.o
LOAD obj/release/sdk/bcl/src/bc_module_pir.o
LOAD obj/release/sdk/bcl/src/bc_tag_voc_lp.o
LOAD obj/release/sdk/bcl/stm/src/usbd_desc.o
LOAD obj/release/sdk/bcl/stm/src/main.o
LOAD obj/release/sdk/bcl/stm/src/stm32l0xx_it.o
LOAD obj/release/sdk/bcl/stm/src/usbd_conf.o
LOAD obj/release/sdk/bcl/stm/src/usbd_cdc_if.o
LOAD obj/release/sdk/stm/hal/src/stm32l0xx_hal_smbus.o
LOAD obj/release/sdk/stm/hal/src/stm32l0xx_hal_dac_ex.o
LOAD obj/release/sdk/stm/hal/src/stm32l0xx_hal_dma.o
LOAD obj/release/sdk/stm/hal/src/stm32l0xx_hal_adc_ex.o
LOAD obj/release/sdk/stm/hal/src/stm32l0xx_hal_tim_ex.o
LOAD obj/release/sdk/stm/hal/src/stm32l0xx_hal_pcd_ex.o
LOAD obj/release/sdk/stm/hal/src/stm32l0xx_hal_cryp.o
LOAD obj/release/sdk/stm/hal/src/stm32l0xx_hal_i2s.o
LOAD obj/release/sdk/stm/hal/src/stm32l0xx_hal_rtc_ex.o
LOAD obj/release/sdk/stm/hal/src/stm32l0xx_hal_spi.o
LOAD obj/release/sdk/stm/hal/src/stm32l0xx_hal_wwdg.o
LOAD obj/release/sdk/stm/hal/src/stm32l0xx_hal_tsc.o
LOAD obj/release/sdk/stm/hal/src/stm32l0xx_hal_flash_ex.o
LOAD obj/release/sdk/stm/hal/src/stm32l0xx_hal_cryp_ex.o
LOAD obj/release/sdk/stm/hal/src/stm32l0xx_hal_i2c.o
LOAD obj/release/sdk/stm/hal/src/stm32l0xx_hal_comp.o
LOAD obj/release/sdk/stm/hal/src/stm32l0xx_hal_dac.o
LOAD obj/release/sdk/stm/hal/src/stm32l0xx_hal_lptim.o
LOAD obj/release/sdk/stm/hal/src/stm32l0xx_hal_uart.o
LOAD obj/release/sdk/stm/hal/src/stm32l0xx_hal_cortex.o
LOAD obj/release/sdk/stm/hal/src/stm32l0xx_hal_iwdg.o
LOAD obj/release/sdk/stm/hal/src/stm32l0xx_hal_smartcard.o
LOAD obj/release/sdk/stm/hal/src/stm32l0xx_hal_irda.o
LOAD obj/release/sdk/stm/hal/src/stm32l0xx_hal_lcd.o
LOAD obj/release/sdk/stm/hal/src/stm32l0xx_hal_pwr_ex.o
LOAD obj/release/sdk/stm/hal/src/stm32l0xx_hal_firewall.o
LOAD obj/release/sdk/stm/hal/src/stm32l0xx_hal_adc.o
LOAD obj/release/sdk/stm/hal/src/stm32l0xx_hal_crc_ex.o
LOAD obj/release/sdk/stm/hal/src/stm32l0xx_hal_flash_ramfunc.o
LOAD obj/release/sdk/stm/hal/src/stm32l0xx_hal.o
LOAD obj/release/sdk/stm/hal/src/stm32l0xx_hal_uart_ex.o
LOAD obj/release/sdk/stm/hal/src/stm32l0xx_hal_pcd.o
LOAD obj/release/sdk/stm/hal/src/stm32l0xx_hal_crc.o
LOAD obj/release/sdk/stm/hal/src/stm32l0xx_hal_i2c_ex.o
LOAD obj/release/sdk/stm/hal/src/stm32l0xx_hal_rcc_ex.o
LOAD obj/release/sdk/stm/hal/src/stm32l0xx_hal_gpio.o
LOAD obj/release/sdk/stm/hal/src/stm32l0xx_hal_rcc.o
LOAD obj/release/sdk/stm/hal/src/stm32l0xx_hal_pwr.o
LOAD obj/release/sdk/stm/hal/src/stm32l0xx_hal_flash.o
LOAD obj/release/sdk/stm/hal/src/stm32l0xx_hal_usart.o
LOAD obj/release/sdk/stm/hal/src/stm32l0xx_hal_tim.o
LOAD obj/release/sdk/stm/hal/src/stm32l0xx_hal_smartcard_ex.o
LOAD obj/release/sdk/stm/hal/src/stm32l0xx_hal_rtc.o
LOAD obj/release/sdk/stm/hal/src/stm32l0xx_hal_comp_ex.o
LOAD obj/release/sdk/stm/hal/src/stm32l0xx_hal_rng.o
LOAD obj/release/sdk/stm/spirit1/src/SPIRIT_PktMbus.o
LOAD obj/release/sdk/stm/spirit1/src/SPIRIT_Radio.o
LOAD obj/release/sdk/stm/spirit1/src/SPIRIT_Timer.o
LOAD obj/release/sdk/stm/spirit1/src/SPIRIT_DirectRF.o
LOAD obj/release/sdk/stm/spirit1/src/SPIRIT_Types.o
LOAD obj/release/sdk/stm/spirit1/src/SPIRIT_General.o
LOAD obj/release/sdk/stm/spirit1/src/SPIRIT_PktCommon.o
LOAD obj/release/sdk/stm/spirit1/src/SPIRIT_PktBasic.o
LOAD obj/release/sdk/stm/spirit1/src/SPIRIT_Qi.o
LOAD obj/release/sdk/stm/spirit1/src/SPIRIT_Gpio.o
LOAD obj/release/sdk/stm/spirit1/src/SPIRIT_Management.o
LOAD obj/release/sdk/stm/spirit1/src/SPIRIT_LinearFifo.o
LOAD obj/release/sdk/stm/spirit1/src/SPIRIT_PktStack.o
LOAD obj/release/sdk/stm/spirit1/src/SPIRIT_Commands.o
LOAD obj/release/sdk/stm/spirit1/src/SPIRIT_Csma.o
LOAD obj/release/sdk/stm/spirit1/src/SPIRIT_Calibration.o
LOAD obj/release/sdk/stm/spirit1/src/SPIRIT_Aes.o
LOAD obj/release/sdk/stm/spirit1/src/SPIRIT_Irq.o
LOAD obj/release/sdk/stm/usb/src/usbd_ioreq.o
LOAD obj/release/sdk/stm/usb/src/usbd_cdc.o
LOAD obj/release/sdk/stm/usb/src/usbd_ctlreq.o
LOAD obj/release/sdk/stm/usb/src/usbd_core.o
LOAD obj/release/sdk/sys/src/system_stm32l0xx.o
LOAD obj/release/sdk/sys/src/startup_stm32l083xx.o
START GROUP
LOAD d:/program files (x86)/bigclown toolchain/gcc/bin/../lib/gcc/arm-none-eabi/7.3.1/thumb/v6-m\libgcc.a
LOAD d:/program files (x86)/bigclown toolchain/gcc/bin/../lib/gcc/arm-none-eabi/7.3.1/../../../../arm-none-eabi/lib/thumb/v6-m\libc.a
END GROUP
START GROUP
LOAD d:/program files (x86)/bigclown toolchain/gcc/bin/../lib/gcc/arm-none-eabi/7.3.1/thumb/v6-m\libgcc.a
LOAD d:/program files (x86)/bigclown toolchain/gcc/bin/../lib/gcc/arm-none-eabi/7.3.1/../../../../arm-none-eabi/lib/thumb/v6-m\libc.a
LOAD d:/program files (x86)/bigclown toolchain/gcc/bin/../lib/gcc/arm-none-eabi/7.3.1/../../../../arm-none-eabi/lib/thumb/v6-m\libnosys.a
END GROUP
LOAD d:/program files (x86)/bigclown toolchain/gcc/bin/../lib/gcc/arm-none-eabi/7.3.1/thumb/v6-m/crtend.o
LOAD d:/program files (x86)/bigclown toolchain/gcc/bin/../lib/gcc/arm-none-eabi/7.3.1/thumb/v6-m/crtn.o
                0x20005000                _estack = 0x20005000
                0x00000100                _Min_Heap_Size = 0x100
                0x00000400                _Min_Stack_Size = 0x400

.isr_vector     0x08000000       0xc0
                0x08000000                . = ALIGN (0x4)
 *(.isr_vector)
 .isr_vector    0x08000000       0xc0 obj/release/sdk/sys/src/startup_stm32l083xx.o
                0x08000000                g_pfnVectors
                0x080000c0                . = ALIGN (0x4)

.text           0x080000c0     0xa9b0
                0x080000c0                . = ALIGN (0x4)
 *(.text)
 .text          0x080000c0       0x48 d:/program files (x86)/bigclown toolchain/gcc/bin/../lib/gcc/arm-none-eabi/7.3.1/thumb/v6-m/crtbegin.o
 .text          0x08000108       0x14 d:/program files (x86)/bigclown toolchain/gcc/bin/../lib/gcc/arm-none-eabi/7.3.1/thumb/v6-m\libgcc.a(_thumb1_case_uqi.o)
                0x08000108                __gnu_thumb1_case_uqi
 .text          0x0800011c       0x14 d:/program files (x86)/bigclown toolchain/gcc/bin/../lib/gcc/arm-none-eabi/7.3.1/thumb/v6-m\libgcc.a(_thumb1_case_uhi.o)
                0x0800011c                __gnu_thumb1_case_uhi
 .text          0x08000130      0x114 d:/program files (x86)/bigclown toolchain/gcc/bin/../lib/gcc/arm-none-eabi/7.3.1/thumb/v6-m\libgcc.a(_udivsi3.o)
                0x08000130                __aeabi_uidiv
                0x08000130                __udivsi3
                0x0800023c                __aeabi_uidivmod
 .text          0x08000244      0x1d4 d:/program files (x86)/bigclown toolchain/gcc/bin/../lib/gcc/arm-none-eabi/7.3.1/thumb/v6-m\libgcc.a(_divsi3.o)
                0x08000244                __divsi3
                0x08000244                __aeabi_idiv
                0x08000410                __aeabi_idivmod
 .text          0x08000418        0x4 d:/program files (x86)/bigclown toolchain/gcc/bin/../lib/gcc/arm-none-eabi/7.3.1/thumb/v6-m\libgcc.a(_dvmd_tls.o)
                0x08000418                __aeabi_idiv0
                0x08000418                __aeabi_ldiv0
 .text          0x0800041c       0x7c d:/program files (x86)/bigclown toolchain/gcc/bin/../lib/gcc/arm-none-eabi/7.3.1/thumb/v6-m\libgcc.a(_arm_cmpdf2.o)
                0x0800041c                __aeabi_cdrcmple
                0x0800042c                __aeabi_cdcmple
                0x0800042c                __aeabi_cdcmpeq
                0x0800043c                __aeabi_dcmpeq
                0x08000448                __aeabi_dcmplt
                0x0800045c                __aeabi_dcmple
                0x08000470                __aeabi_dcmpgt
                0x08000484                __aeabi_dcmpge
 .text          0x08000498       0x74 d:/program files (x86)/bigclown toolchain/gcc/bin/../lib/gcc/arm-none-eabi/7.3.1/thumb/v6-m\libgcc.a(_arm_cmpsf2.o)
                0x08000498                __aeabi_cfrcmple
                0x080004a0                __aeabi_cfcmpeq
                0x080004a0                __aeabi_cfcmple
                0x080004b0                __aeabi_fcmpeq
                0x080004bc                __aeabi_fcmplt
                0x080004d0                __aeabi_fcmple
                0x080004e4                __aeabi_fcmpgt
                0x080004f8                __aeabi_fcmpge
 .text          0x0800050c       0x54 d:/program files (x86)/bigclown toolchain/gcc/bin/../lib/gcc/arm-none-eabi/7.3.1/thumb/v6-m\libgcc.a(_muldi3.o)
                0x0800050c                __muldi3
                0x0800050c                __aeabi_lmul
 .text          0x08000560       0x30 d:/program files (x86)/bigclown toolchain/gcc/bin/../lib/gcc/arm-none-eabi/7.3.1/thumb/v6-m\libgcc.a(_fixunssfsi.o)
                0x08000560                __fixunssfsi
                0x08000560                __aeabi_f2uiz
 .text          0x08000590       0x3c d:/program files (x86)/bigclown toolchain/gcc/bin/../lib/gcc/arm-none-eabi/7.3.1/thumb/v6-m\libgcc.a(_fixunsdfsi.o)
                0x08000590                __aeabi_d2uiz
                0x08000590                __fixunsdfsi
 .text          0x080005cc      0x224 d:/program files (x86)/bigclown toolchain/gcc/bin/../lib/gcc/arm-none-eabi/7.3.1/thumb/v6-m\libgcc.a(divsf3.o)
                0x080005cc                __aeabi_fdiv
 .text          0x080007f0       0x50 d:/program files (x86)/bigclown toolchain/gcc/bin/../lib/gcc/arm-none-eabi/7.3.1/thumb/v6-m\libgcc.a(eqsf2.o)
                0x080007f0                __eqsf2
                0x080007f0                __nesf2
 .text          0x08000840       0x9c d:/program files (x86)/bigclown toolchain/gcc/bin/../lib/gcc/arm-none-eabi/7.3.1/thumb/v6-m\libgcc.a(gesf2.o)
                0x08000840                __gesf2
                0x08000840                __gtsf2
 .text          0x080008dc       0xa0 d:/program files (x86)/bigclown toolchain/gcc/bin/../lib/gcc/arm-none-eabi/7.3.1/thumb/v6-m\libgcc.a(lesf2.o)
                0x080008dc                __ltsf2
                0x080008dc                __lesf2
 .text          0x0800097c      0x264 d:/program files (x86)/bigclown toolchain/gcc/bin/../lib/gcc/arm-none-eabi/7.3.1/thumb/v6-m\libgcc.a(mulsf3.o)
                0x0800097c                __aeabi_fmul
 .text          0x08000be0      0x388 d:/program files (x86)/bigclown toolchain/gcc/bin/../lib/gcc/arm-none-eabi/7.3.1/thumb/v6-m\libgcc.a(subsf3.o)
                0x08000be0                __aeabi_fsub
 .text          0x08000f68       0x2c d:/program files (x86)/bigclown toolchain/gcc/bin/../lib/gcc/arm-none-eabi/7.3.1/thumb/v6-m\libgcc.a(unordsf2.o)
                0x08000f68                __aeabi_fcmpun
 .text          0x08000f94       0x40 d:/program files (x86)/bigclown toolchain/gcc/bin/../lib/gcc/arm-none-eabi/7.3.1/thumb/v6-m\libgcc.a(fixsfsi.o)
                0x08000f94                __aeabi_f2iz
 .text          0x08000fd4       0x94 d:/program files (x86)/bigclown toolchain/gcc/bin/../lib/gcc/arm-none-eabi/7.3.1/thumb/v6-m\libgcc.a(floatsisf.o)
                0x08000fd4                __aeabi_i2f
 .text          0x08001068       0x80 d:/program files (x86)/bigclown toolchain/gcc/bin/../lib/gcc/arm-none-eabi/7.3.1/thumb/v6-m\libgcc.a(floatunsisf.o)
                0x08001068                __aeabi_ui2f
 .text          0x080010e8      0x638 d:/program files (x86)/bigclown toolchain/gcc/bin/../lib/gcc/arm-none-eabi/7.3.1/thumb/v6-m\libgcc.a(adddf3.o)
                0x080010e8                __aeabi_dadd
 .text          0x08001720      0x604 d:/program files (x86)/bigclown toolchain/gcc/bin/../lib/gcc/arm-none-eabi/7.3.1/thumb/v6-m\libgcc.a(divdf3.o)
                0x08001720                __aeabi_ddiv
 .text          0x08001d24       0x78 d:/program files (x86)/bigclown toolchain/gcc/bin/../lib/gcc/arm-none-eabi/7.3.1/thumb/v6-m\libgcc.a(eqdf2.o)
                0x08001d24                __nedf2
                0x08001d24                __eqdf2
 .text          0x08001d9c       0xc8 d:/program files (x86)/bigclown toolchain/gcc/bin/../lib/gcc/arm-none-eabi/7.3.1/thumb/v6-m\libgcc.a(gedf2.o)
                0x08001d9c                __gedf2
                0x08001d9c                __gtdf2
 .text          0x08001e64       0xd0 d:/program files (x86)/bigclown toolchain/gcc/bin/../lib/gcc/arm-none-eabi/7.3.1/thumb/v6-m\libgcc.a(ledf2.o)
                0x08001e64                __ledf2
                0x08001e64                __ltdf2
 .text          0x08001f34      0x4e4 d:/program files (x86)/bigclown toolchain/gcc/bin/../lib/gcc/arm-none-eabi/7.3.1/thumb/v6-m\libgcc.a(muldf3.o)
                0x08001f34                __aeabi_dmul
 .text          0x08002418      0x690 d:/program files (x86)/bigclown toolchain/gcc/bin/../lib/gcc/arm-none-eabi/7.3.1/thumb/v6-m\libgcc.a(subdf3.o)
                0x08002418                __aeabi_dsub
 .text          0x08002aa8       0x6c d:/program files (x86)/bigclown toolchain/gcc/bin/../lib/gcc/arm-none-eabi/7.3.1/thumb/v6-m\libgcc.a(fixdfsi.o)
                0x08002aa8                __aeabi_d2iz
 .text          0x08002b14       0x74 d:/program files (x86)/bigclown toolchain/gcc/bin/../lib/gcc/arm-none-eabi/7.3.1/thumb/v6-m\libgcc.a(floatsidf.o)
                0x08002b14                __aeabi_i2d
 .text          0x08002b88       0x64 d:/program files (x86)/bigclown toolchain/gcc/bin/../lib/gcc/arm-none-eabi/7.3.1/thumb/v6-m\libgcc.a(floatunsidf.o)
                0x08002b88                __aeabi_ui2d
 .text          0x08002bec       0xa4 d:/program files (x86)/bigclown toolchain/gcc/bin/../lib/gcc/arm-none-eabi/7.3.1/thumb/v6-m\libgcc.a(extendsfdf2.o)
                0x08002bec                __aeabi_f2d
 .text          0x08002c90      0x108 d:/program files (x86)/bigclown toolchain/gcc/bin/../lib/gcc/arm-none-eabi/7.3.1/thumb/v6-m\libgcc.a(truncdfsf2.o)
                0x08002c90                __aeabi_d2f
 .text          0x08002d98       0x3c d:/program files (x86)/bigclown toolchain/gcc/bin/../lib/gcc/arm-none-eabi/7.3.1/thumb/v6-m\libgcc.a(_clzsi2.o)
                0x08002d98                __clzsi2
 *(.text*)
 .text.__errno  0x08002dd4        0xc d:/program files (x86)/bigclown toolchain/gcc/bin/../lib/gcc/arm-none-eabi/7.3.1/../../../../arm-none-eabi/lib/thumb/v6-m\libc.a(lib_a-errno.o)
                0x08002dd4                __errno
 .text.__libc_init_array
                0x08002de0       0x48 d:/program files (x86)/bigclown toolchain/gcc/bin/../lib/gcc/arm-none-eabi/7.3.1/../../../../arm-none-eabi/lib/thumb/v6-m\libc.a(lib_a-init.o)
                0x08002de0                __libc_init_array
 .text.memset   0x08002e28       0x9c d:/program files (x86)/bigclown toolchain/gcc/bin/../lib/gcc/arm-none-eabi/7.3.1/../../../../arm-none-eabi/lib/thumb/v6-m\libc.a(lib_a-memset.o)
                0x08002e28                memset
 .text.startup.register_fini
                0x08002ec4       0x18 d:/program files (x86)/bigclown toolchain/gcc/bin/../lib/gcc/arm-none-eabi/7.3.1/../../../../arm-none-eabi/lib/thumb/v6-m\libc.a(lib_a-__call_atexit.o)
 .text.atexit   0x08002edc       0x10 d:/program files (x86)/bigclown toolchain/gcc/bin/../lib/gcc/arm-none-eabi/7.3.1/../../../../arm-none-eabi/lib/thumb/v6-m\libc.a(lib_a-atexit.o)
                0x08002edc                atexit
 .text.__libc_fini_array
                0x08002eec       0x34 d:/program files (x86)/bigclown toolchain/gcc/bin/../lib/gcc/arm-none-eabi/7.3.1/../../../../arm-none-eabi/lib/thumb/v6-m\libc.a(lib_a-fini.o)
                0x08002eec                __libc_fini_array
 .text.__retarget_lock_acquire_recursive
                0x08002f20        0x4 d:/program files (x86)/bigclown toolchain/gcc/bin/../lib/gcc/arm-none-eabi/7.3.1/../../../../arm-none-eabi/lib/thumb/v6-m\libc.a(lib_a-lock.o)
                0x08002f20                __retarget_lock_acquire_recursive
 .text.__retarget_lock_release_recursive
                0x08002f24        0x4 d:/program files (x86)/bigclown toolchain/gcc/bin/../lib/gcc/arm-none-eabi/7.3.1/../../../../arm-none-eabi/lib/thumb/v6-m\libc.a(lib_a-lock.o)
                0x08002f24                __retarget_lock_release_recursive
 .text.__register_exitproc
                0x08002f28       0xf4 d:/program files (x86)/bigclown toolchain/gcc/bin/../lib/gcc/arm-none-eabi/7.3.1/../../../../arm-none-eabi/lib/thumb/v6-m\libc.a(lib_a-__atexit.o)
                0x08002f28                __register_exitproc
 .text.lis2dh12_event_handler
                0x0800301c       0x14 obj/release/app/application.o
                0x0800301c                lis2dh12_event_handler
 .text.battery_event_handler
                0x08003030       0x18 obj/release/app/application.o
                0x08003030                battery_event_handler
 .text.button_event_handler
                0x08003048       0x94 obj/release/app/application.o
                0x08003048                button_event_handler
 .text.application_init
                0x080030dc       0xb0 obj/release/app/application.o
                0x080030dc                application_init
 .text.TIM6_DAC_IRQHandler
                0x0800318c       0x40 obj/release/sdk/bcl/src/bc_ir_rx.o
                0x0800318c                TIM6_DAC_IRQHandler
 .text._bc_led_gpio_off
                0x080031cc       0x10 obj/release/sdk/bcl/src/bc_led.o
 .text._bc_led_gpio_on
                0x080031dc       0x10 obj/release/sdk/bcl/src/bc_led.o
 .text._bc_led_gpio_init
                0x080031ec        0xa obj/release/sdk/bcl/src/bc_led.o
 .text._bc_led_task
                0x080031f6       0x64 obj/release/sdk/bcl/src/bc_led.o
 *fill*         0x0800325a        0x2 
 .text.bc_led_init
                0x0800325c       0x5c obj/release/sdk/bcl/src/bc_led.o
                0x0800325c                bc_led_init
 .text.bc_led_set_mode
                0x080032b8       0x88 obj/release/sdk/bcl/src/bc_led.o
                0x080032b8                bc_led_set_mode
 .text.bc_led_pulse
                0x08003340       0x26 obj/release/sdk/bcl/src/bc_led.o
                0x08003340                bc_led_pulse
 .text._bc_button_task
                0x08003366       0xfe obj/release/sdk/bcl/src/bc_button.o
 .text._bc_button_gpio_get_input
                0x08003464        0xa obj/release/sdk/bcl/src/bc_button.o
 .text._bc_button_gpio_init
                0x0800346e        0xa obj/release/sdk/bcl/src/bc_button.o
 .text.bc_button_init
                0x08003478       0x78 obj/release/sdk/bcl/src/bc_button.o
                0x08003478                bc_button_init
 .text.bc_button_set_event_handler
                0x080034f0       0x28 obj/release/sdk/bcl/src/bc_button.o
                0x080034f0                bc_button_set_event_handler
 .text.bc_button_set_hold_time
                0x08003518        0x6 obj/release/sdk/bcl/src/bc_button.o
                0x08003518                bc_button_set_hold_time
 .text._bc_module_battery_present_test
                0x0800351e       0x4c obj/release/sdk/bcl/src/bc_module_battery.o
 *fill*         0x0800356a        0x2 
 .text._bc_module_battery_measurement
                0x0800356c       0x3c obj/release/sdk/bcl/src/bc_module_battery.o
 .text._bc_module_battery_task
                0x080035a8      0x2c0 obj/release/sdk/bcl/src/bc_module_battery.o
 .text._bc_module_battery_adc_event_handler
                0x08003868       0x30 obj/release/sdk/bcl/src/bc_module_battery.o
 .text.bc_module_battery_init
                0x08003898       0x48 obj/release/sdk/bcl/src/bc_module_battery.o
                0x08003898                bc_module_battery_init
 .text.bc_module_battery_set_event_handler
                0x080038e0        0xc obj/release/sdk/bcl/src/bc_module_battery.o
                0x080038e0                bc_module_battery_set_event_handler
 .text.bc_module_battery_measure
                0x080038ec       0x20 obj/release/sdk/bcl/src/bc_module_battery.o
                0x080038ec                bc_module_battery_measure
 .text.bc_module_battery_set_update_interval
                0x0800390c       0x30 obj/release/sdk/bcl/src/bc_module_battery.o
                0x0800390c                bc_module_battery_set_update_interval
 .text.bc_module_battery_get_voltage
                0x0800393c       0x20 obj/release/sdk/bcl/src/bc_module_battery.o
                0x0800393c                bc_module_battery_get_voltage
 .text.bc_ds28e17_init
                0x0800395c       0x1c obj/release/sdk/bcl/src/bc_ds28e17.o
                0x0800395c                bc_ds28e17_init
 .text.bc_ds28e17_enable_sleep_mode
                0x08003978       0x22 obj/release/sdk/bcl/src/bc_ds28e17.o
                0x08003978                bc_ds28e17_enable_sleep_mode
 .text.bc_ds28e17_deinit
                0x0800399a        0x8 obj/release/sdk/bcl/src/bc_ds28e17.o
                0x0800399a                bc_ds28e17_deinit
 .text._bc_ds28e17_write
                0x080039a2       0xce obj/release/sdk/bcl/src/bc_ds28e17.o
 .text._bc_ds28e17_read
                0x08003a70       0xca obj/release/sdk/bcl/src/bc_ds28e17.o
 *fill*         0x08003b3a        0x2 
 .text.bc_ds28e17_set_speed
                0x08003b3c       0x3c obj/release/sdk/bcl/src/bc_ds28e17.o
                0x08003b3c                bc_ds28e17_set_speed
 .text.bc_ds28e17_write
                0x08003b78       0x22 obj/release/sdk/bcl/src/bc_ds28e17.o
                0x08003b78                bc_ds28e17_write
 .text.bc_ds28e17_read
                0x08003b9a       0x26 obj/release/sdk/bcl/src/bc_ds28e17.o
                0x08003b9a                bc_ds28e17_read
 .text.bc_ds28e17_memory_write
                0x08003bc0       0x3e obj/release/sdk/bcl/src/bc_ds28e17.o
                0x08003bc0                bc_ds28e17_memory_write
 .text.bc_ds28e17_memory_read
                0x08003bfe       0x44 obj/release/sdk/bcl/src/bc_ds28e17.o
                0x08003bfe                bc_ds28e17_memory_read
 .text.bc_radio_pub_on_event_count
                0x08003c42        0x2 obj/release/sdk/bcl/src/bc_radio_pub.o
                0x08003c42                bc_radio_pub_on_event_count
 .text.bc_radio_pub_on_push_button
                0x08003c44        0x2 obj/release/sdk/bcl/src/bc_radio_pub.o
                0x08003c44                bc_radio_pub_on_push_button
 .text.bc_radio_pub_on_temperature
                0x08003c46        0x2 obj/release/sdk/bcl/src/bc_radio_pub.o
                0x08003c46                bc_radio_pub_on_temperature
 .text.bc_radio_pub_on_humidity
                0x08003c48        0x2 obj/release/sdk/bcl/src/bc_radio_pub.o
                0x08003c48                bc_radio_pub_on_humidity
 .text.bc_radio_pub_on_lux_meter
                0x08003c4a        0x2 obj/release/sdk/bcl/src/bc_radio_pub.o
                0x08003c4a                bc_radio_pub_on_lux_meter
 .text.bc_radio_pub_on_barometer
                0x08003c4c        0x2 obj/release/sdk/bcl/src/bc_radio_pub.o
                0x08003c4c                bc_radio_pub_on_barometer
 .text.bc_radio_pub_on_co2
                0x08003c4e        0x2 obj/release/sdk/bcl/src/bc_radio_pub.o
                0x08003c4e                bc_radio_pub_on_co2
 .text.bc_radio_pub_on_battery
                0x08003c50        0x2 obj/release/sdk/bcl/src/bc_radio_pub.o
                0x08003c50                bc_radio_pub_on_battery
 .text.bc_radio_pub_on_acceleration
                0x08003c52        0x2 obj/release/sdk/bcl/src/bc_radio_pub.o
                0x08003c52                bc_radio_pub_on_acceleration
 .text.bc_radio_pub_on_buffer
                0x08003c54        0x2 obj/release/sdk/bcl/src/bc_radio_pub.o
                0x08003c54                bc_radio_pub_on_buffer
 .text.bc_radio_pub_on_state
                0x08003c56        0x2 obj/release/sdk/bcl/src/bc_radio_pub.o
                0x08003c56                bc_radio_pub_on_state
 .text.bc_radio_pub_on_bool
                0x08003c58        0x2 obj/release/sdk/bcl/src/bc_radio_pub.o
                0x08003c58                bc_radio_pub_on_bool
 .text.bc_radio_pub_on_int
                0x08003c5a        0x2 obj/release/sdk/bcl/src/bc_radio_pub.o
                0x08003c5a                bc_radio_pub_on_int
 .text.bc_radio_pub_on_uint32
                0x08003c5c        0x2 obj/release/sdk/bcl/src/bc_radio_pub.o
                0x08003c5c                bc_radio_pub_on_uint32
 .text.bc_radio_pub_on_float
                0x08003c5e        0x2 obj/release/sdk/bcl/src/bc_radio_pub.o
                0x08003c5e                bc_radio_pub_on_float
 .text.bc_radio_pub_on_string
                0x08003c60        0x2 obj/release/sdk/bcl/src/bc_radio_pub.o
                0x08003c60                bc_radio_pub_on_string
 .text.bc_radio_pub_on_value_int
                0x08003c62        0x2 obj/release/sdk/bcl/src/bc_radio_pub.o
                0x08003c62                bc_radio_pub_on_value_int
 .text.bc_radio_pub_battery
                0x08003c64       0x18 obj/release/sdk/bcl/src/bc_radio_pub.o
                0x08003c64                bc_radio_pub_battery
 .text.bc_radio_pub_bool
                0x08003c7c       0x38 obj/release/sdk/bcl/src/bc_radio_pub.o
                0x08003c7c                bc_radio_pub_bool
 .text.bc_radio_pub_decode
                0x08003cb4      0x248 obj/release/sdk/bcl/src/bc_radio_pub.o
                0x08003cb4                bc_radio_pub_decode
 .text._bc_lis2dh12_task_measure
                0x08003efc      0x166 obj/release/sdk/bcl/src/bc_lis2dh12.o
 *fill*         0x08004062        0x2 
 .text.bc_lis2dh12_init
                0x08004064       0x6c obj/release/sdk/bcl/src/bc_lis2dh12.o
                0x08004064                bc_lis2dh12_init
 .text.bc_lis2dh12_set_event_handler
                0x080040d0        0x6 obj/release/sdk/bcl/src/bc_lis2dh12.o
                0x080040d0                bc_lis2dh12_set_event_handler
 .text.bc_lis2dh12_measure
                0x080040d6       0x1c obj/release/sdk/bcl/src/bc_lis2dh12.o
                0x080040d6                bc_lis2dh12_measure
 .text._bc_lis2dh12_task_interval
                0x080040f2       0x12 obj/release/sdk/bcl/src/bc_lis2dh12.o
 .text.bc_lis2dh12_set_update_interval
                0x08004104       0x2a obj/release/sdk/bcl/src/bc_lis2dh12.o
                0x08004104                bc_lis2dh12_set_update_interval
 *fill*         0x0800412e        0x2 
 .text.bc_lis2dh12_get_result_g
                0x08004130       0x58 obj/release/sdk/bcl/src/bc_lis2dh12.o
                0x08004130                bc_lis2dh12_get_result_g
 .text.bc_lis2dh12_set_resolution
                0x08004188       0x16 obj/release/sdk/bcl/src/bc_lis2dh12.o
                0x08004188                bc_lis2dh12_set_resolution
 .text.bc_fifo_irq_write
                0x0800419e       0x3c obj/release/sdk/bcl/src/bc_fifo.o
                0x0800419e                bc_fifo_irq_write
 .text.bc_fifo_irq_read
                0x080041da       0x2e obj/release/sdk/bcl/src/bc_fifo.o
                0x080041da                bc_fifo_irq_read
 .text._bc_system_switch_clock
                0x08004208       0x28 obj/release/sdk/bcl/src/bc_system.o
 .text.bc_system_init
                0x08004230      0x188 obj/release/sdk/bcl/src/bc_system.o
                0x08004230                bc_system_init
 .text.bc_system_sleep
                0x080043b8        0x4 obj/release/sdk/bcl/src/bc_system.o
                0x080043b8                bc_system_sleep
 .text.bc_system_clock_get
                0x080043bc       0x20 obj/release/sdk/bcl/src/bc_system.o
                0x080043bc                bc_system_clock_get
 .text.bc_system_hsi16_enable
                0x080043dc       0x78 obj/release/sdk/bcl/src/bc_system.o
                0x080043dc                bc_system_hsi16_enable
 .text.bc_system_hsi16_disable
                0x08004454       0x6c obj/release/sdk/bcl/src/bc_system.o
                0x08004454                bc_system_hsi16_disable
 .text.bc_system_pll_enable
                0x080044c0       0x54 obj/release/sdk/bcl/src/bc_system.o
                0x080044c0                bc_system_pll_enable
 .text.bc_system_pll_disable
                0x08004514       0x3c obj/release/sdk/bcl/src/bc_system.o
                0x08004514                bc_system_pll_disable
 .text.bc_system_reset
                0x08004550       0x1c obj/release/sdk/bcl/src/bc_system.o
                0x08004550                bc_system_reset
 .text.bc_system_error
                0x0800456c       0x1c obj/release/sdk/bcl/src/bc_system.o
                0x0800456c                bc_system_error
 .text.HardFault_Handler
                0x08004588        0x8 obj/release/sdk/bcl/src/bc_system.o
                0x08004588                HardFault_Handler
 .text.RTC_IRQHandler
                0x08004590       0x30 obj/release/sdk/bcl/src/bc_system.o
                0x08004590                RTC_IRQHandler
 .text.TIM3_IRQHandler
                0x080045c0       0x68 obj/release/sdk/bcl/src/bc_hc_sr04.o
                0x080045c0                TIM3_IRQHandler
 .text._bc_onewire_stop
                0x08004628       0x18 obj/release/sdk/bcl/src/bc_onewire.o
 .text._bc_onewire_reset
                0x08004640       0x66 obj/release/sdk/bcl/src/bc_onewire.o
 .text._bc_onewire_read_bit
                0x080046a6       0x48 obj/release/sdk/bcl/src/bc_onewire.o
 *fill*         0x080046ee        0x2 
 .text._bc_onewire_start
                0x080046f0       0x1c obj/release/sdk/bcl/src/bc_onewire.o
 .text._bc_onewire_write_bit
                0x0800470c       0x48 obj/release/sdk/bcl/src/bc_onewire.o
 .text._bc_onewire_write_byte
                0x08004754       0x20 obj/release/sdk/bcl/src/bc_onewire.o
 .text.bc_onewire_transaction_start
                0x08004774       0x1c obj/release/sdk/bcl/src/bc_onewire.o
                0x08004774                bc_onewire_transaction_start
 .text.bc_onewire_transaction_stop
                0x08004790       0x1c obj/release/sdk/bcl/src/bc_onewire.o
                0x08004790                bc_onewire_transaction_stop
 .text.bc_onewire_reset
                0x080047ac       0x18 obj/release/sdk/bcl/src/bc_onewire.o
                0x080047ac                bc_onewire_reset
 .text.bc_onewire_select
                0x080047c4       0x3c obj/release/sdk/bcl/src/bc_onewire.o
                0x080047c4                bc_onewire_select
 .text.bc_onewire_write
                0x08004800       0x24 obj/release/sdk/bcl/src/bc_onewire.o
                0x08004800                bc_onewire_write
 .text.bc_onewire_read
                0x08004824       0x38 obj/release/sdk/bcl/src/bc_onewire.o
                0x08004824                bc_onewire_read
 .text.bc_onewire_write_8b
                0x0800485c       0x18 obj/release/sdk/bcl/src/bc_onewire.o
                0x0800485c                bc_onewire_write_8b
 .text.bc_onewire_read_8b
                0x08004874       0x26 obj/release/sdk/bcl/src/bc_onewire.o
                0x08004874                bc_onewire_read_8b
 .text.bc_onewire_read_bit
                0x0800489a       0x18 obj/release/sdk/bcl/src/bc_onewire.o
                0x0800489a                bc_onewire_read_bit
 *fill*         0x080048b2        0x2 
 .text.bc_onewire_crc16
                0x080048b4       0x48 obj/release/sdk/bcl/src/bc_onewire.o
                0x080048b4                bc_onewire_crc16
 .text._bc_uart_irq_handler
                0x080048fc       0x94 obj/release/sdk/bcl/src/bc_uart.o
 .text.AES_RNG_LPUART1_IRQHandler
                0x08004990        0xa obj/release/sdk/bcl/src/bc_uart.o
                0x08004990                AES_RNG_LPUART1_IRQHandler
 .text.USART1_IRQHandler
                0x0800499a        0xa obj/release/sdk/bcl/src/bc_uart.o
                0x0800499a                USART1_IRQHandler
 .text.USART2_IRQHandler
                0x080049a4        0x8 obj/release/sdk/bcl/src/bc_uart.o
                0x080049a4                USART2_IRQHandler
 .text.USART4_5_IRQHandler
                0x080049ac        0xa obj/release/sdk/bcl/src/bc_uart.o
                0x080049ac                USART4_5_IRQHandler
 *fill*         0x080049b6        0x2 
 .text._bc_atsha204_calculate_crc16
                0x080049b8       0x44 obj/release/sdk/bcl/src/bc_atsha204.o
 .text._bc_atsha204_wakeup_puls.isra.0
                0x080049fc       0x26 obj/release/sdk/bcl/src/bc_atsha204.o
 .text._bc_atsha204_read.constprop.1
                0x08004a22       0x6a obj/release/sdk/bcl/src/bc_atsha204.o
 .text._bc_atsha204_send_command.constprop.2
                0x08004a8c       0x98 obj/release/sdk/bcl/src/bc_atsha204.o
 .text._bc_atsha204_task
                0x08004b24       0x5e obj/release/sdk/bcl/src/bc_atsha204.o
 *fill*         0x08004b82        0x2 
 .text.bc_atsha204_init
                0x08004b84       0x38 obj/release/sdk/bcl/src/bc_atsha204.o
                0x08004b84                bc_atsha204_init
 .text.bc_atsha204_set_event_handler
                0x08004bbc        0x6 obj/release/sdk/bcl/src/bc_atsha204.o
                0x08004bbc                bc_atsha204_set_event_handler
 .text.bc_atsha204_read_serial_number
                0x08004bc2       0x2e obj/release/sdk/bcl/src/bc_atsha204.o
                0x08004bc2                bc_atsha204_read_serial_number
 .text.bc_atsha204_get_serial_number
                0x08004bf0       0x4c obj/release/sdk/bcl/src/bc_atsha204.o
                0x08004bf0                bc_atsha204_get_serial_number
 .text.bc_dma_channel_stop
                0x08004c3c       0x18 obj/release/sdk/bcl/src/bc_dma.o
                0x08004c3c                bc_dma_channel_stop
 .text._bc_dma_irq_handler
                0x08004c54       0x48 obj/release/sdk/bcl/src/bc_dma.o
 .text.DMA1_Channel1_IRQHandler
                0x08004c9c       0x44 obj/release/sdk/bcl/src/bc_dma.o
                0x08004c9c                DMA1_Channel1_IRQHandler
 .text.DMA1_Channel2_3_IRQHandler
                0x08004ce0       0x84 obj/release/sdk/bcl/src/bc_dma.o
                0x08004ce0                DMA1_Channel2_3_IRQHandler
 .text.DMA1_Channel4_5_6_7_IRQHandler
                0x08004d64       0xf4 obj/release/sdk/bcl/src/bc_dma.o
                0x08004d64                DMA1_Channel4_5_6_7_IRQHandler
 .text.bc_gpio_init
                0x08004e58       0x24 obj/release/sdk/bcl/src/bc_gpio.o
                0x08004e58                bc_gpio_init
 .text.bc_gpio_set_pull
                0x08004e7c       0x3c obj/release/sdk/bcl/src/bc_gpio.o
                0x08004e7c                bc_gpio_set_pull
 .text.bc_gpio_set_mode
                0x08004eb8       0x90 obj/release/sdk/bcl/src/bc_gpio.o
                0x08004eb8                bc_gpio_set_mode
 .text.bc_gpio_get_input
                0x08004f48       0x20 obj/release/sdk/bcl/src/bc_gpio.o
                0x08004f48                bc_gpio_get_input
 .text.bc_gpio_set_output
                0x08004f68       0x28 obj/release/sdk/bcl/src/bc_gpio.o
                0x08004f68                bc_gpio_set_output
 .text._bc_exti_irq_handler
                0x08004f90      0x1a8 obj/release/sdk/bcl/src/bc_exti.o
 .text.bc_exti_register
                0x08005138       0xc4 obj/release/sdk/bcl/src/bc_exti.o
                0x08005138                bc_exti_register
 .text.EXTI0_1_IRQHandler
                0x080051fc        0x8 obj/release/sdk/bcl/src/bc_exti.o
                0x080051fc                EXTI0_1_IRQHandler
 .text.EXTI2_3_IRQHandler
                0x08005204        0x8 obj/release/sdk/bcl/src/bc_exti.o
                0x08005204                EXTI2_3_IRQHandler
 .text.EXTI4_15_IRQHandler
                0x0800520c        0x8 obj/release/sdk/bcl/src/bc_exti.o
                0x0800520c                EXTI4_15_IRQHandler
 .text._bc_radio_send_ack
                0x08005214       0x68 obj/release/sdk/bcl/src/bc_radio.o
 .text._bc_radio_go_to_state_rx_or_sleep
                0x0800527c       0x70 obj/release/sdk/bcl/src/bc_radio.o
 .text._bc_radio_peer_device_remove
                0x080052ec       0x7c obj/release/sdk/bcl/src/bc_radio.o
 .text._bc_radio_atsha204_event_handler
                0x08005368       0x48 obj/release/sdk/bcl/src/bc_radio.o
 .text.bc_radio_on_info
                0x080053b0        0x2 obj/release/sdk/bcl/src/bc_radio.o
                0x080053b0                bc_radio_on_info
 .text.bc_radio_on_sub
                0x080053b2        0x2 obj/release/sdk/bcl/src/bc_radio.o
                0x080053b2                bc_radio_on_sub
 .text.bc_radio_init
                0x080053b4      0x140 obj/release/sdk/bcl/src/bc_radio.o
                0x080053b4                bc_radio_init
 .text.bc_radio_pairing_request
                0x080054f4       0x28 obj/release/sdk/bcl/src/bc_radio.o
                0x080054f4                bc_radio_pairing_request
 .text.bc_radio_is_peer_device
                0x0800551c       0x34 obj/release/sdk/bcl/src/bc_radio.o
                0x0800551c                bc_radio_is_peer_device
 .text._bc_radio_peer_device_add
                0x08005550       0x88 obj/release/sdk/bcl/src/bc_radio.o
 .text.bc_radio_pub_queue_put
                0x080055d8       0x24 obj/release/sdk/bcl/src/bc_radio.o
                0x080055d8                bc_radio_pub_queue_put
 .text.bc_radio_id_to_buffer
                0x080055fc       0x24 obj/release/sdk/bcl/src/bc_radio.o
                0x080055fc                bc_radio_id_to_buffer
 .text.bc_radio_peer_device_add
                0x08005620       0x40 obj/release/sdk/bcl/src/bc_radio.o
                0x08005620                bc_radio_peer_device_add
 .text.bc_radio_bool_to_buffer
                0x08005660        0xe obj/release/sdk/bcl/src/bc_radio.o
                0x08005660                bc_radio_bool_to_buffer
 *fill*         0x0800566e        0x2 
 .text.bc_radio_float_to_buffer
                0x08005670       0x24 obj/release/sdk/bcl/src/bc_radio.o
                0x08005670                bc_radio_float_to_buffer
 .text.bc_radio_id_from_buffer
                0x08005694       0x3a obj/release/sdk/bcl/src/bc_radio.o
                0x08005694                bc_radio_id_from_buffer
 *fill*         0x080056ce        0x2 
 .text._bc_radio_task
                0x080056d0      0x2bc obj/release/sdk/bcl/src/bc_radio.o
 .text._bc_radio_spirit1_event_handler
                0x0800598c      0x4e8 obj/release/sdk/bcl/src/bc_radio.o
 .text.bc_radio_bool_from_buffer
                0x08005e74       0x14 obj/release/sdk/bcl/src/bc_radio.o
                0x08005e74                bc_radio_bool_from_buffer
 .text.bc_radio_int_from_buffer
                0x08005e88       0x28 obj/release/sdk/bcl/src/bc_radio.o
                0x08005e88                bc_radio_int_from_buffer
 .text.bc_radio_uint16_from_buffer
                0x08005eb0       0x2c obj/release/sdk/bcl/src/bc_radio.o
                0x08005eb0                bc_radio_uint16_from_buffer
 .text.bc_radio_uint32_from_buffer
                0x08005edc       0x24 obj/release/sdk/bcl/src/bc_radio.o
                0x08005edc                bc_radio_uint32_from_buffer
 .text.bc_radio_float_from_buffer
                0x08005f00       0x2a obj/release/sdk/bcl/src/bc_radio.o
                0x08005f00                bc_radio_float_from_buffer
 .text.bc_radio_data_from_buffer
                0x08005f2a       0x16 obj/release/sdk/bcl/src/bc_radio.o
                0x08005f2a                bc_radio_data_from_buffer
 .text.bc_scheduler_init
                0x08005f40       0x14 obj/release/sdk/bcl/src/bc_scheduler.o
                0x08005f40                bc_scheduler_init
 .text.bc_scheduler_run
                0x08005f54       0x74 obj/release/sdk/bcl/src/bc_scheduler.o
                0x08005f54                bc_scheduler_run
 .text.bc_scheduler_register
                0x08005fc8       0x40 obj/release/sdk/bcl/src/bc_scheduler.o
                0x08005fc8                bc_scheduler_register
 .text.bc_scheduler_get_spin_tick
                0x08006008       0x14 obj/release/sdk/bcl/src/bc_scheduler.o
                0x08006008                bc_scheduler_get_spin_tick
 .text.bc_scheduler_disable_sleep
                0x0800601c       0x14 obj/release/sdk/bcl/src/bc_scheduler.o
                0x0800601c                bc_scheduler_disable_sleep
 .text.bc_scheduler_enable_sleep
                0x08006030       0x14 obj/release/sdk/bcl/src/bc_scheduler.o
                0x08006030                bc_scheduler_enable_sleep
 .text.bc_scheduler_plan_now
                0x08006044       0x14 obj/release/sdk/bcl/src/bc_scheduler.o
                0x08006044                bc_scheduler_plan_now
 .text.bc_scheduler_plan_absolute
                0x08006058       0x10 obj/release/sdk/bcl/src/bc_scheduler.o
                0x08006058                bc_scheduler_plan_absolute
 .text.bc_scheduler_plan_relative
                0x08006068       0x20 obj/release/sdk/bcl/src/bc_scheduler.o
                0x08006068                bc_scheduler_plan_relative
 .text.bc_scheduler_plan_from_now
                0x08006088       0x20 obj/release/sdk/bcl/src/bc_scheduler.o
                0x08006088                bc_scheduler_plan_from_now
 .text.bc_scheduler_plan_current_now
                0x080060a8       0x1c obj/release/sdk/bcl/src/bc_scheduler.o
                0x080060a8                bc_scheduler_plan_current_now
 .text.bc_scheduler_plan_current_absolute
                0x080060c4       0x18 obj/release/sdk/bcl/src/bc_scheduler.o
                0x080060c4                bc_scheduler_plan_current_absolute
 .text.bc_scheduler_plan_current_relative
                0x080060dc       0x28 obj/release/sdk/bcl/src/bc_scheduler.o
                0x080060dc                bc_scheduler_plan_current_relative
 .text.bc_scheduler_plan_current_from_now
                0x08006104       0x24 obj/release/sdk/bcl/src/bc_scheduler.o
                0x08006104                bc_scheduler_plan_current_from_now
 .text.bc_irq_disable
                0x08006128       0x28 obj/release/sdk/bcl/src/bc_irq.o
                0x08006128                bc_irq_disable
 .text.bc_irq_enable
                0x08006150       0x28 obj/release/sdk/bcl/src/bc_irq.o
                0x08006150                bc_irq_enable
 .text.bc_tca9534a_init
                0x08006178       0x3e obj/release/sdk/bcl/src/bc_tca9534a.o
                0x08006178                bc_tca9534a_init
 .text.bc_tca9534a_read_port
                0x080061b6       0x10 obj/release/sdk/bcl/src/bc_tca9534a.o
                0x080061b6                bc_tca9534a_read_port
 .text.bc_tca9534a_write_port
                0x080061c6       0x1a obj/release/sdk/bcl/src/bc_tca9534a.o
                0x080061c6                bc_tca9534a_write_port
 .text.bc_tca9534a_read_pin
                0x080061e0       0x20 obj/release/sdk/bcl/src/bc_tca9534a.o
                0x080061e0                bc_tca9534a_read_pin
 .text.bc_tca9534a_write_pin
                0x08006200       0x20 obj/release/sdk/bcl/src/bc_tca9534a.o
                0x08006200                bc_tca9534a_write_pin
 .text.bc_tca9534a_set_port_direction
                0x08006220       0x1a obj/release/sdk/bcl/src/bc_tca9534a.o
                0x08006220                bc_tca9534a_set_port_direction
 .text.bc_tca9534a_set_pin_direction
                0x0800623a       0x20 obj/release/sdk/bcl/src/bc_tca9534a.o
                0x0800623a                bc_tca9534a_set_pin_direction
 *fill*         0x0800625a        0x2 
 .text.bc_module_sensor_init
                0x0800625c       0x4c obj/release/sdk/bcl/src/bc_module_sensor.o
                0x0800625c                bc_module_sensor_init
 .text.bc_module_sensor_set_pull
                0x080062a8       0x68 obj/release/sdk/bcl/src/bc_module_sensor.o
                0x080062a8                bc_module_sensor_set_pull
 .text.bc_module_sensor_get_revision
                0x08006310       0x5c obj/release/sdk/bcl/src/bc_module_sensor.o
                0x08006310                bc_module_sensor_get_revision
 .text.bc_module_sensor_set_vdd
                0x0800636c       0x34 obj/release/sdk/bcl/src/bc_module_sensor.o
                0x0800636c                bc_module_sensor_set_vdd
 .text.bc_queue_init
                0x080063a0       0x18 obj/release/sdk/bcl/src/bc_queue.o
                0x080063a0                bc_queue_init
 .text.bc_queue_put
                0x080063b8       0x5e obj/release/sdk/bcl/src/bc_queue.o
                0x080063b8                bc_queue_put
 .text.bc_queue_get
                0x08006416       0x46 obj/release/sdk/bcl/src/bc_queue.o
                0x08006416                bc_queue_get
 .text.TIM2_IRQHandler
                0x0800645c       0x10 obj/release/sdk/bcl/src/bc_ws2812b.o
                0x0800645c                TIM2_IRQHandler
 .text.HAL_TIM_PeriodElapsedCallback
                0x0800646c       0x34 obj/release/sdk/bcl/src/bc_ws2812b.o
                0x0800646c                HAL_TIM_PeriodElapsedCallback
 .text.bc_i2c_get_timeout_ms
                0x080064a0       0x30 obj/release/sdk/bcl/src/bc_i2c.o
 .text._bc_i2c_restore_bus
                0x080064d0      0x12c obj/release/sdk/bcl/src/bc_i2c.o
 .text._bc_i2c_timeout_begin
                0x080065fc       0x1c obj/release/sdk/bcl/src/bc_i2c.o
 .text._bc_i2c_watch_flag
                0x08006618       0x8c obj/release/sdk/bcl/src/bc_i2c.o
 .text._bc_i2c_write
                0x080066a4       0x44 obj/release/sdk/bcl/src/bc_i2c.o
 .text._bc_i2c_read
                0x080066e8       0x44 obj/release/sdk/bcl/src/bc_i2c.o
 .text.bc_i2c_deinit
                0x0800672c       0xdc obj/release/sdk/bcl/src/bc_i2c.o
                0x0800672c                bc_i2c_deinit
 .text.bc_i2c_set_speed
                0x08006808       0x7c obj/release/sdk/bcl/src/bc_i2c.o
                0x08006808                bc_i2c_set_speed
 .text.bc_i2c_init
                0x08006884      0x144 obj/release/sdk/bcl/src/bc_i2c.o
                0x08006884                bc_i2c_init
 .text.bc_i2c_write
                0x080069c8       0xb4 obj/release/sdk/bcl/src/bc_i2c.o
                0x080069c8                bc_i2c_write
 .text.bc_i2c_read
                0x08006a7c       0xac obj/release/sdk/bcl/src/bc_i2c.o
                0x08006a7c                bc_i2c_read
 .text.bc_i2c_memory_write
                0x08006b28      0x138 obj/release/sdk/bcl/src/bc_i2c.o
                0x08006b28                bc_i2c_memory_write
 .text.bc_i2c_memory_read
                0x08006c60      0x130 obj/release/sdk/bcl/src/bc_i2c.o
                0x08006c60                bc_i2c_memory_read
 .text.bc_i2c_memory_write_8b
                0x08006d90       0x20 obj/release/sdk/bcl/src/bc_i2c.o
                0x08006d90                bc_i2c_memory_write_8b
 .text.bc_i2c_memory_write_16b
                0x08006db0       0x22 obj/release/sdk/bcl/src/bc_i2c.o
                0x08006db0                bc_i2c_memory_write_16b
 .text.bc_i2c_memory_read_8b
                0x08006dd2       0x18 obj/release/sdk/bcl/src/bc_i2c.o
                0x08006dd2                bc_i2c_memory_read_8b
 *fill*         0x08006dea        0x2 
 .text.bc_tick_get
                0x08006dec       0x1c obj/release/sdk/bcl/src/bc_tick.o
                0x08006dec                bc_tick_get
 .text.bc_tick_inrement_irq
                0x08006e08       0x18 obj/release/sdk/bcl/src/bc_tick.o
                0x08006e08                bc_tick_inrement_irq
 .text.bc_timer_init
                0x08006e20       0x10 obj/release/sdk/bcl/src/bc_timer.o
                0x08006e20                bc_timer_init
 .text.bc_timer_start
                0x08006e30       0x28 obj/release/sdk/bcl/src/bc_timer.o
                0x08006e30                bc_timer_start
 .text.bc_timer_get_microseconds
                0x08006e58        0xc obj/release/sdk/bcl/src/bc_timer.o
                0x08006e58                bc_timer_get_microseconds
 .text.bc_timer_delay
                0x08006e64       0x18 obj/release/sdk/bcl/src/bc_timer.o
                0x08006e64                bc_timer_delay
 .text.bc_timer_clear
                0x08006e7c        0xc obj/release/sdk/bcl/src/bc_timer.o
                0x08006e7c                bc_timer_clear
 .text.bc_timer_stop
                0x08006e88       0x10 obj/release/sdk/bcl/src/bc_timer.o
                0x08006e88                bc_timer_stop
 .text.bc_spirit1_hal_deinit_gpio
                0x08006e98       0x6c obj/release/sdk/bcl/src/bc_spirit1.o
 .text._bc_spirit1_enter_state_sleep
                0x08006f04       0x3c obj/release/sdk/bcl/src/bc_spirit1.o
 .text._bc_spirit1_interrupt
                0x08006f40       0x10 obj/release/sdk/bcl/src/bc_spirit1.o
 .text._bc_spirit1_enter_state_rx
                0x08006f50       0xb4 obj/release/sdk/bcl/src/bc_spirit1.o
 .text.bc_spirit1_set_event_handler
                0x08007004        0xc obj/release/sdk/bcl/src/bc_spirit1.o
                0x08007004                bc_spirit1_set_event_handler
 .text.bc_spirit1_get_tx_buffer
                0x08007010        0x8 obj/release/sdk/bcl/src/bc_spirit1.o
                0x08007010                bc_spirit1_get_tx_buffer
 .text.bc_spirit1_set_tx_length
                0x08007018        0xc obj/release/sdk/bcl/src/bc_spirit1.o
                0x08007018                bc_spirit1_set_tx_length
 .text.bc_spirit1_get_tx_length
                0x08007024        0xc obj/release/sdk/bcl/src/bc_spirit1.o
                0x08007024                bc_spirit1_get_tx_length
 .text.bc_spirit1_get_rx_buffer
                0x08007030        0x8 obj/release/sdk/bcl/src/bc_spirit1.o
                0x08007030                bc_spirit1_get_rx_buffer
 .text.bc_spirit1_get_rx_length
                0x08007038        0xc obj/release/sdk/bcl/src/bc_spirit1.o
                0x08007038                bc_spirit1_get_rx_length
 .text.bc_spirit1_set_rx_timeout
                0x08007044       0x5c obj/release/sdk/bcl/src/bc_spirit1.o
                0x08007044                bc_spirit1_set_rx_timeout
 .text.bc_spirit1_tx
                0x080070a0       0x1c obj/release/sdk/bcl/src/bc_spirit1.o
                0x080070a0                bc_spirit1_tx
 .text.bc_spirit1_rx
                0x080070bc       0x1c obj/release/sdk/bcl/src/bc_spirit1.o
                0x080070bc                bc_spirit1_rx
 .text.bc_spirit1_sleep
                0x080070d8       0x1c obj/release/sdk/bcl/src/bc_spirit1.o
                0x080070d8                bc_spirit1_sleep
 .text.bc_spirit1_hal_shutdown_low
                0x080070f4       0x2c obj/release/sdk/bcl/src/bc_spirit1.o
                0x080070f4                bc_spirit1_hal_shutdown_low
 .text.bc_spirit1_hal_shutdown_high
                0x08007120       0x40 obj/release/sdk/bcl/src/bc_spirit1.o
                0x08007120                bc_spirit1_hal_shutdown_high
 .text.bc_spirit1_hal_init
                0x08007160       0xa0 obj/release/sdk/bcl/src/bc_spirit1.o
                0x08007160                bc_spirit1_hal_init
 .text.bc_spirit1_init
                0x08007200       0xac obj/release/sdk/bcl/src/bc_spirit1.o
                0x08007200                bc_spirit1_init
 .text.bc_spirit1_hal_chip_select_low
                0x080072ac       0x1e obj/release/sdk/bcl/src/bc_spirit1.o
                0x080072ac                bc_spirit1_hal_chip_select_low
 .text.bc_spirit1_hal_chip_select_high
                0x080072ca       0x26 obj/release/sdk/bcl/src/bc_spirit1.o
                0x080072ca                bc_spirit1_hal_chip_select_high
 .text.bc_spirit1_hal_transfer_byte
                0x080072f0       0x24 obj/release/sdk/bcl/src/bc_spirit1.o
                0x080072f0                bc_spirit1_hal_transfer_byte
 .text.bc_spirit1_command
                0x08007314       0x30 obj/release/sdk/bcl/src/bc_spirit1.o
                0x08007314                bc_spirit1_command
 .text.bc_spirit1_write
                0x08007344       0x44 obj/release/sdk/bcl/src/bc_spirit1.o
                0x08007344                bc_spirit1_write
 .text._bc_spirit1_enter_state_tx
                0x08007388       0x78 obj/release/sdk/bcl/src/bc_spirit1.o
 .text.bc_spirit1_read
                0x08007400       0x46 obj/release/sdk/bcl/src/bc_spirit1.o
                0x08007400                bc_spirit1_read
 *fill*         0x08007446        0x2 
 .text._bc_spirit1_task
                0x08007448      0x130 obj/release/sdk/bcl/src/bc_spirit1.o
 .text._bc_adc_configure_resolution
                0x08007578       0x18 obj/release/sdk/bcl/src/bc_adc.o
 .text._bc_adc_configure_oversampling
                0x08007590       0x24 obj/release/sdk/bcl/src/bc_adc.o
 .text._bc_adc_get_measured_value
                0x080075b4       0x40 obj/release/sdk/bcl/src/bc_adc.o
 .text.bc_adc_oversampling_set
                0x080075f4       0x10 obj/release/sdk/bcl/src/bc_adc.o
                0x080075f4                bc_adc_oversampling_set
 .text.bc_adc_set_event_handler
                0x08007604       0x20 obj/release/sdk/bcl/src/bc_adc.o
                0x08007604                bc_adc_set_event_handler
 .text.bc_adc_async_measure
                0x08007624       0x70 obj/release/sdk/bcl/src/bc_adc.o
                0x08007624                bc_adc_async_measure
 .text._bc_adc_task
                0x08007694       0x54 obj/release/sdk/bcl/src/bc_adc.o
 .text.bc_adc_async_get_voltage
                0x080076e8       0x2c obj/release/sdk/bcl/src/bc_adc.o
                0x080076e8                bc_adc_async_get_voltage
 .text.ADC1_COMP_IRQHandler
                0x08007714       0xa0 obj/release/sdk/bcl/src/bc_adc.o
                0x08007714                ADC1_COMP_IRQHandler
 .text.bc_adc_calibration
                0x080077b4       0x90 obj/release/sdk/bcl/src/bc_adc.o
                0x080077b4                bc_adc_calibration
 .text.bc_adc_init
                0x08007844       0x7c obj/release/sdk/bcl/src/bc_adc.o
                0x08007844                bc_adc_init
 .text.bc_radio_node_on_state_set
                0x080078c0        0x2 obj/release/sdk/bcl/src/bc_radio_node.o
                0x080078c0                bc_radio_node_on_state_set
 .text.bc_radio_node_on_state_get
                0x080078c2        0x2 obj/release/sdk/bcl/src/bc_radio_node.o
                0x080078c2                bc_radio_node_on_state_get
 .text.bc_radio_node_on_buffer
                0x080078c4        0x2 obj/release/sdk/bcl/src/bc_radio_node.o
                0x080078c4                bc_radio_node_on_buffer
 .text.bc_radio_node_on_led_strip_color_set
                0x080078c6        0x2 obj/release/sdk/bcl/src/bc_radio_node.o
                0x080078c6                bc_radio_node_on_led_strip_color_set
 .text.bc_radio_node_on_led_strip_brightness_set
                0x080078c8        0x2 obj/release/sdk/bcl/src/bc_radio_node.o
                0x080078c8                bc_radio_node_on_led_strip_brightness_set
 .text.bc_radio_node_on_led_strip_compound_set
                0x080078ca        0x2 obj/release/sdk/bcl/src/bc_radio_node.o
                0x080078ca                bc_radio_node_on_led_strip_compound_set
 .text.bc_radio_node_on_led_strip_effect_set
                0x080078cc        0x2 obj/release/sdk/bcl/src/bc_radio_node.o
                0x080078cc                bc_radio_node_on_led_strip_effect_set
 .text.bc_radio_node_on_led_strip_thermometer_set
                0x080078ce        0x2 obj/release/sdk/bcl/src/bc_radio_node.o
                0x080078ce                bc_radio_node_on_led_strip_thermometer_set
 .text.bc_radio_node_decode
                0x080078d0       0xf0 obj/release/sdk/bcl/src/bc_radio_node.o
                0x080078d0                bc_radio_node_decode
 .text._bc_eeprom_write
                0x080079c0       0x88 obj/release/sdk/bcl/src/bc_eeprom.o
 .text._bc_eeprom_unlock
                0x08007a48       0x28 obj/release/sdk/bcl/src/bc_eeprom.o
 .text.bc_eeprom_write
                0x08007a70       0x90 obj/release/sdk/bcl/src/bc_eeprom.o
                0x08007a70                bc_eeprom_write
 .text.bc_eeprom_read
                0x08007b00       0x28 obj/release/sdk/bcl/src/bc_eeprom.o
                0x08007b00                bc_eeprom_read
 .text.bc_eeprom_get_size
                0x08007b28        0x6 obj/release/sdk/bcl/src/bc_eeprom.o
                0x08007b28                bc_eeprom_get_size
 .text.application_task
                0x08007b2e        0x2 obj/release/sdk/bcl/stm/src/main.o
                0x08007b2e                application_task
 .text.startup.main
                0x08007b30       0x38 obj/release/sdk/bcl/stm/src/main.o
                0x08007b30                main
 .text.application_error
                0x08007b68        0x8 obj/release/sdk/bcl/stm/src/main.o
                0x08007b68                application_error
 .text.NMI_Handler
                0x08007b70        0x2 obj/release/sdk/bcl/stm/src/stm32l0xx_it.o
                0x08007b70                NMI_Handler
 .text.SVC_Handler
                0x08007b72        0x2 obj/release/sdk/bcl/stm/src/stm32l0xx_it.o
                0x08007b72                SVC_Handler
 .text.PendSV_Handler
                0x08007b74        0x2 obj/release/sdk/bcl/stm/src/stm32l0xx_it.o
                0x08007b74                PendSV_Handler
 .text.SysTick_Handler
                0x08007b76        0xc obj/release/sdk/bcl/stm/src/stm32l0xx_it.o
                0x08007b76                SysTick_Handler
 *fill*         0x08007b82        0x2 
 .text.USB_IRQHandler
                0x08007b84       0x10 obj/release/sdk/bcl/stm/src/stm32l0xx_it.o
                0x08007b84                USB_IRQHandler
 .text.HAL_PCD_SetupStageCallback
                0x08007b94       0x14 obj/release/sdk/bcl/stm/src/usbd_conf.o
                0x08007b94                HAL_PCD_SetupStageCallback
 .text.HAL_PCD_DataOutStageCallback
                0x08007ba8       0x18 obj/release/sdk/bcl/stm/src/usbd_conf.o
                0x08007ba8                HAL_PCD_DataOutStageCallback
 .text.HAL_PCD_DataInStageCallback
                0x08007bc0       0x16 obj/release/sdk/bcl/stm/src/usbd_conf.o
                0x08007bc0                HAL_PCD_DataInStageCallback
 .text.HAL_PCD_SOFCallback
                0x08007bd6        0xe obj/release/sdk/bcl/stm/src/usbd_conf.o
                0x08007bd6                HAL_PCD_SOFCallback
 .text.HAL_PCD_ResetCallback
                0x08007be4       0x18 obj/release/sdk/bcl/stm/src/usbd_conf.o
                0x08007be4                HAL_PCD_ResetCallback
 .text.HAL_PCD_SuspendCallback
                0x08007bfc       0x24 obj/release/sdk/bcl/stm/src/usbd_conf.o
                0x08007bfc                HAL_PCD_SuspendCallback
 .text.HAL_PCD_ResumeCallback
                0x08007c20       0x24 obj/release/sdk/bcl/stm/src/usbd_conf.o
                0x08007c20                HAL_PCD_ResumeCallback
 .text.USBD_LL_OpenEP
                0x08007c44       0x24 obj/release/sdk/bcl/stm/src/usbd_conf.o
                0x08007c44                USBD_LL_OpenEP
 .text.USBD_LL_StallEP
                0x08007c68       0x20 obj/release/sdk/bcl/stm/src/usbd_conf.o
                0x08007c68                USBD_LL_StallEP
 .text.USBD_LL_ClearStallEP
                0x08007c88       0x20 obj/release/sdk/bcl/stm/src/usbd_conf.o
                0x08007c88                USBD_LL_ClearStallEP
 .text.USBD_LL_IsStallEP
                0x08007ca8       0x26 obj/release/sdk/bcl/stm/src/usbd_conf.o
                0x08007ca8                USBD_LL_IsStallEP
 *fill*         0x08007cce        0x2 
 .text.USBD_LL_SetUSBAddress
                0x08007cd0       0x20 obj/release/sdk/bcl/stm/src/usbd_conf.o
                0x08007cd0                USBD_LL_SetUSBAddress
 .text.USBD_LL_Transmit
                0x08007cf0       0x20 obj/release/sdk/bcl/stm/src/usbd_conf.o
                0x08007cf0                USBD_LL_Transmit
 .text.USBD_LL_PrepareReceive
                0x08007d10       0x20 obj/release/sdk/bcl/stm/src/usbd_conf.o
                0x08007d10                USBD_LL_PrepareReceive
 .text.HAL_PCDEx_LPM_Callback
                0x08007d30        0x2 obj/release/sdk/stm/hal/src/stm32l0xx_hal_pcd_ex.o
                0x08007d30                HAL_PCDEx_LPM_Callback
 .text.HAL_SYSTICK_Callback
                0x08007d32        0x2 obj/release/sdk/stm/hal/src/stm32l0xx_hal_cortex.o
                0x08007d32                HAL_SYSTICK_Callback
 .text.HAL_SYSTICK_IRQHandler
                0x08007d34        0x8 obj/release/sdk/stm/hal/src/stm32l0xx_hal_cortex.o
                0x08007d34                HAL_SYSTICK_IRQHandler
 .text.HAL_IncTick
                0x08007d3c       0x10 obj/release/sdk/stm/hal/src/stm32l0xx_hal.o
                0x08007d3c                HAL_IncTick
 .text.HAL_PCD_SetAddress
                0x08007d4c       0x2c obj/release/sdk/stm/hal/src/stm32l0xx_hal_pcd.o
                0x08007d4c                HAL_PCD_SetAddress
 .text.HAL_PCD_EP_Open
                0x08007d78      0x2b0 obj/release/sdk/stm/hal/src/stm32l0xx_hal_pcd.o
                0x08007d78                HAL_PCD_EP_Open
 .text.HAL_PCD_EP_Receive
                0x08008028      0x148 obj/release/sdk/stm/hal/src/stm32l0xx_hal_pcd.o
                0x08008028                HAL_PCD_EP_Receive
 .text.HAL_PCD_EP_SetStall
                0x08008170       0x90 obj/release/sdk/stm/hal/src/stm32l0xx_hal_pcd.o
                0x08008170                HAL_PCD_EP_SetStall
 .text.HAL_PCD_EP_ClrStall
                0x08008200       0xbc obj/release/sdk/stm/hal/src/stm32l0xx_hal_pcd.o
                0x08008200                HAL_PCD_EP_ClrStall
 .text.PCD_WritePMA
                0x080082bc       0x28 obj/release/sdk/stm/hal/src/stm32l0xx_hal_pcd.o
                0x080082bc                PCD_WritePMA
 .text.HAL_PCD_EP_Transmit
                0x080082e4      0x1e8 obj/release/sdk/stm/hal/src/stm32l0xx_hal_pcd.o
                0x080082e4                HAL_PCD_EP_Transmit
 .text.PCD_ReadPMA
                0x080084cc       0x20 obj/release/sdk/stm/hal/src/stm32l0xx_hal_pcd.o
                0x080084cc                PCD_ReadPMA
 .text.HAL_PCD_IRQHandler
                0x080084ec      0x504 obj/release/sdk/stm/hal/src/stm32l0xx_hal_pcd.o
                0x080084ec                HAL_PCD_IRQHandler
 .text.HAL_TIM_OC_DelayElapsedCallback
                0x080089f0        0x2 obj/release/sdk/stm/hal/src/stm32l0xx_hal_tim.o
                0x080089f0                HAL_TIM_OC_DelayElapsedCallback
 .text.HAL_TIM_IC_CaptureCallback
                0x080089f2        0x2 obj/release/sdk/stm/hal/src/stm32l0xx_hal_tim.o
                0x080089f2                HAL_TIM_IC_CaptureCallback
 .text.HAL_TIM_PWM_PulseFinishedCallback
                0x080089f4        0x2 obj/release/sdk/stm/hal/src/stm32l0xx_hal_tim.o
                0x080089f4                HAL_TIM_PWM_PulseFinishedCallback
 .text.HAL_TIM_TriggerCallback
                0x080089f6        0x2 obj/release/sdk/stm/hal/src/stm32l0xx_hal_tim.o
                0x080089f6                HAL_TIM_TriggerCallback
 .text.HAL_TIM_IRQHandler
                0x080089f8      0x110 obj/release/sdk/stm/hal/src/stm32l0xx_hal_tim.o
                0x080089f8                HAL_TIM_IRQHandler
 .text.SpiritRadioSetXtalFlag
                0x08008b08       0x4c obj/release/sdk/stm/spirit1/src/SPIRIT_Radio.o
                0x08008b08                SpiritRadioSetXtalFlag
 .text.SpiritRadioSearchWCP
                0x08008b54       0x9c obj/release/sdk/stm/spirit1/src/SPIRIT_Radio.o
                0x08008b54                SpiritRadioSearchWCP
 .text.SpiritRadioGetSynthWord
                0x08008bf0       0x3c obj/release/sdk/stm/spirit1/src/SPIRIT_Radio.o
                0x08008bf0                SpiritRadioGetSynthWord
 .text.SpiritRadioGetBand
                0x08008c2c       0x3c obj/release/sdk/stm/spirit1/src/SPIRIT_Radio.o
                0x08008c2c                SpiritRadioGetBand
 .text.SpiritRadioGetChannel
                0x08008c68       0x24 obj/release/sdk/stm/spirit1/src/SPIRIT_Radio.o
                0x08008c68                SpiritRadioGetChannel
 .text.SpiritRadioGetChannelSpace
                0x08008c8c       0x30 obj/release/sdk/stm/spirit1/src/SPIRIT_Radio.o
                0x08008c8c                SpiritRadioGetChannelSpace
 .text.SpiritRadioGetFrequencyOffset
                0x08008cbc       0x50 obj/release/sdk/stm/spirit1/src/SPIRIT_Radio.o
                0x08008cbc                SpiritRadioGetFrequencyOffset
 .text.SpiritRadioSearchFreqDevME
                0x08008d0c       0xc8 obj/release/sdk/stm/spirit1/src/SPIRIT_Radio.o
                0x08008d0c                SpiritRadioSearchFreqDevME
 .text.SpiritRadioSetPACwc
                0x08008dd4       0x38 obj/release/sdk/stm/spirit1/src/SPIRIT_Radio.o
                0x08008dd4                SpiritRadioSetPACwc
 .text.SpiritRadioAFCFreezeOnSync
                0x08008e0c       0x48 obj/release/sdk/stm/spirit1/src/SPIRIT_Radio.o
                0x08008e0c                SpiritRadioAFCFreezeOnSync
 .text.SpiritRadioSetRefDiv
                0x08008e54       0x44 obj/release/sdk/stm/spirit1/src/SPIRIT_Radio.o
                0x08008e54                SpiritRadioSetRefDiv
 .text.SpiritRadioGetRefDiv
                0x08008e98       0x28 obj/release/sdk/stm/spirit1/src/SPIRIT_Radio.o
                0x08008e98                SpiritRadioGetRefDiv
 .text.SpiritRadioSetFrequencyBase
                0x08008ec0      0x14c obj/release/sdk/stm/spirit1/src/SPIRIT_Radio.o
                0x08008ec0                SpiritRadioSetFrequencyBase
 .text.SpiritRadioGetFrequencyBase
                0x0800900c       0x68 obj/release/sdk/stm/spirit1/src/SPIRIT_Radio.o
                0x0800900c                SpiritRadioGetFrequencyBase
 .text.SpiritRadioSetDigDiv
                0x08009074       0x40 obj/release/sdk/stm/spirit1/src/SPIRIT_Radio.o
                0x08009074                SpiritRadioSetDigDiv
 .text.SpiritRadioGetDigDiv
                0x080090b4       0x2c obj/release/sdk/stm/spirit1/src/SPIRIT_Radio.o
                0x080090b4                SpiritRadioGetDigDiv
 .text.SpiritRadioSearchDatarateME
                0x080090e0       0xd0 obj/release/sdk/stm/spirit1/src/SPIRIT_Radio.o
                0x080090e0                SpiritRadioSearchDatarateME
 .text.SpiritRadioSearchChannelBwME
                0x080091b0       0xd4 obj/release/sdk/stm/spirit1/src/SPIRIT_Radio.o
                0x080091b0                SpiritRadioSearchChannelBwME
 .text.SpiritRadioInit
                0x08009284      0x2f0 obj/release/sdk/stm/spirit1/src/SPIRIT_Radio.o
                0x08009284                SpiritRadioInit
 .text.SpiritRadioGetXtalFrequency
                0x08009574        0xc obj/release/sdk/stm/spirit1/src/SPIRIT_Radio.o
                0x08009574                SpiritRadioGetXtalFrequency
 .text.SpiritRadioSetXtalFrequency
                0x08009580        0xc obj/release/sdk/stm/spirit1/src/SPIRIT_Radio.o
                0x08009580                SpiritRadioSetXtalFrequency
 .text.SpiritTimerComputeRxTimeoutValues
                0x0800958c      0x100 obj/release/sdk/stm/spirit1/src/SPIRIT_Timer.o
                0x0800958c                SpiritTimerComputeRxTimeoutValues
 .text.SpiritTimerSetRxTimeoutMs
                0x0800968c       0x28 obj/release/sdk/stm/spirit1/src/SPIRIT_Timer.o
                0x0800968c                SpiritTimerSetRxTimeoutMs
 .text.SpiritTimerSetRxTimeoutStopCondition
                0x080096b4       0x50 obj/release/sdk/stm/spirit1/src/SPIRIT_Timer.o
                0x080096b4                SpiritTimerSetRxTimeoutStopCondition
 .text.SpiritRefreshStatus
                0x08009704       0x34 obj/release/sdk/stm/spirit1/src/SPIRIT_Types.o
                0x08009704                SpiritRefreshStatus
 .text.SpiritPktCommonGetControlLength
                0x08009738       0x28 obj/release/sdk/stm/spirit1/src/SPIRIT_PktCommon.o
                0x08009738                SpiritPktCommonGetControlLength
 .text.SpiritPktCommonFilterOnCrc
                0x08009760       0x4c obj/release/sdk/stm/spirit1/src/SPIRIT_PktCommon.o
                0x08009760                SpiritPktCommonFilterOnCrc
 .text.SpiritPktCommonSetDestinationAddress
                0x080097ac       0x24 obj/release/sdk/stm/spirit1/src/SPIRIT_PktCommon.o
                0x080097ac                SpiritPktCommonSetDestinationAddress
 .text.SpiritPktBasicInit
                0x080097d0      0x110 obj/release/sdk/stm/spirit1/src/SPIRIT_PktBasic.o
                0x080097d0                SpiritPktBasicInit
 .text.SpiritPktBasicAddressesInit
                0x080098e0       0x8c obj/release/sdk/stm/spirit1/src/SPIRIT_PktBasic.o
                0x080098e0                SpiritPktBasicAddressesInit
 .text.SpiritPktBasicGetAddressField
                0x0800996c       0x30 obj/release/sdk/stm/spirit1/src/SPIRIT_PktBasic.o
                0x0800996c                SpiritPktBasicGetAddressField
 .text.SpiritPktBasicSetPayloadLength
                0x0800999c       0x3c obj/release/sdk/stm/spirit1/src/SPIRIT_PktBasic.o
                0x0800999c                SpiritPktBasicSetPayloadLength
 .text.SpiritQiSqiCheck
                0x080099d8       0x48 obj/release/sdk/stm/spirit1/src/SPIRIT_Qi.o
                0x080099d8                SpiritQiSqiCheck
 .text.SpiritQiSetSqiThreshold
                0x08009a20       0x44 obj/release/sdk/stm/spirit1/src/SPIRIT_Qi.o
                0x08009a20                SpiritQiSetSqiThreshold
 .text.SpiritGpioInit
                0x08009a64       0x28 obj/release/sdk/stm/spirit1/src/SPIRIT_Gpio.o
                0x08009a64                SpiritGpioInit
 .text.SpiritManagementSetFrequencyBase
                0x08009a8c      0x124 obj/release/sdk/stm/spirit1/src/SPIRIT_Management.o
                0x08009a8c                SpiritManagementSetFrequencyBase
 .text.SpiritManagementWaVcoCalibration
                0x08009bb0      0x128 obj/release/sdk/stm/spirit1/src/SPIRIT_Management.o
                0x08009bb0                SpiritManagementWaVcoCalibration
 .text.SpiritManagementWaCmdStrobeTx
                0x08009cd8       0x5c obj/release/sdk/stm/spirit1/src/SPIRIT_Management.o
                0x08009cd8                SpiritManagementWaCmdStrobeTx
 .text.SpiritManagementWaCmdStrobeRx
                0x08009d34       0x2c obj/release/sdk/stm/spirit1/src/SPIRIT_Management.o
                0x08009d34                SpiritManagementWaCmdStrobeRx
 .text.SpiritManagementWaTRxFcMem
                0x08009d60       0x14 obj/release/sdk/stm/spirit1/src/SPIRIT_Management.o
                0x08009d60                SpiritManagementWaTRxFcMem
 .text.SpiritManagementWaExtraCurrent
                0x08009d74       0x3c obj/release/sdk/stm/spirit1/src/SPIRIT_Management.o
                0x08009d74                SpiritManagementWaExtraCurrent
 .text.SpiritLinearFifoReadNumElementsRxFifo
                0x08009db0       0x28 obj/release/sdk/stm/spirit1/src/SPIRIT_LinearFifo.o
                0x08009db0                SpiritLinearFifoReadNumElementsRxFifo
 .text.SpiritCmdStrobeCommand
                0x08009dd8       0x18 obj/release/sdk/stm/spirit1/src/SPIRIT_Commands.o
                0x08009dd8                SpiritCmdStrobeCommand
 .text.SpiritCalibrationVco
                0x08009df0       0x48 obj/release/sdk/stm/spirit1/src/SPIRIT_Calibration.o
                0x08009df0                SpiritCalibrationVco
 .text.SpiritCalibrationGetVcoCalData
                0x08009e38       0x28 obj/release/sdk/stm/spirit1/src/SPIRIT_Calibration.o
                0x08009e38                SpiritCalibrationGetVcoCalData
 .text.SpiritCalibrationSetVcoCalDataTx
                0x08009e60       0x44 obj/release/sdk/stm/spirit1/src/SPIRIT_Calibration.o
                0x08009e60                SpiritCalibrationSetVcoCalDataTx
 .text.SpiritCalibrationSetVcoCalDataRx
                0x08009ea4       0x44 obj/release/sdk/stm/spirit1/src/SPIRIT_Calibration.o
                0x08009ea4                SpiritCalibrationSetVcoCalDataRx
 .text.SpiritCalibrationSelectVco
                0x08009ee8       0x30 obj/release/sdk/stm/spirit1/src/SPIRIT_Calibration.o
                0x08009ee8                SpiritCalibrationSelectVco
 .text.SpiritIrqDeInit
                0x08009f18       0x30 obj/release/sdk/stm/spirit1/src/SPIRIT_Irq.o
                0x08009f18                SpiritIrqDeInit
 .text.SpiritIrq
                0x08009f48       0x68 obj/release/sdk/stm/spirit1/src/SPIRIT_Irq.o
                0x08009f48                SpiritIrq
 .text.SpiritIrqGetStatus
                0x08009fb0       0x34 obj/release/sdk/stm/spirit1/src/SPIRIT_Irq.o
                0x08009fb0                SpiritIrqGetStatus
 .text.SpiritIrqClearStatus
                0x08009fe4       0x20 obj/release/sdk/stm/spirit1/src/SPIRIT_Irq.o
                0x08009fe4                SpiritIrqClearStatus
 .text.USBD_CtlSendData
                0x0800a004       0x1c obj/release/sdk/stm/usb/src/usbd_ioreq.o
                0x0800a004                USBD_CtlSendData
 .text.USBD_CtlContinueSendData
                0x0800a020       0x10 obj/release/sdk/stm/usb/src/usbd_ioreq.o
                0x0800a020                USBD_CtlContinueSendData
 .text.USBD_CtlContinueRx
                0x0800a030       0x10 obj/release/sdk/stm/usb/src/usbd_ioreq.o
                0x0800a030                USBD_CtlContinueRx
 .text.USBD_CtlSendStatus
                0x0800a040       0x18 obj/release/sdk/stm/usb/src/usbd_ioreq.o
                0x0800a040                USBD_CtlSendStatus
 .text.USBD_CtlReceiveStatus
                0x0800a058       0x18 obj/release/sdk/stm/usb/src/usbd_ioreq.o
                0x0800a058                USBD_CtlReceiveStatus
 .text.USBD_CtlError.constprop.0
                0x0800a070       0x14 obj/release/sdk/stm/usb/src/usbd_ctlreq.o
 .text.USBD_StdDevReq
                0x0800a084      0x224 obj/release/sdk/stm/usb/src/usbd_ctlreq.o
                0x0800a084                USBD_StdDevReq
 .text.USBD_StdItfReq
                0x0800a2a8       0x38 obj/release/sdk/stm/usb/src/usbd_ctlreq.o
                0x0800a2a8                USBD_StdItfReq
 .text.USBD_StdEPReq
                0x0800a2e0       0xd4 obj/release/sdk/stm/usb/src/usbd_ctlreq.o
                0x0800a2e0                USBD_StdEPReq
 .text.USBD_ParseSetupRequest
                0x0800a3b4       0x28 obj/release/sdk/stm/usb/src/usbd_ctlreq.o
                0x0800a3b4                USBD_ParseSetupRequest
 .text.USBD_SetClassConfig
                0x0800a3dc       0x1a obj/release/sdk/stm/usb/src/usbd_core.o
                0x0800a3dc                USBD_SetClassConfig
 .text.USBD_ClrClassConfig
                0x0800a3f6       0x10 obj/release/sdk/stm/usb/src/usbd_core.o
                0x0800a3f6                USBD_ClrClassConfig
 *fill*         0x0800a406        0x2 
 .text.USBD_LL_SetupStage
                0x0800a408       0x68 obj/release/sdk/stm/usb/src/usbd_core.o
                0x0800a408                USBD_LL_SetupStage
 .text.USBD_LL_DataOutStage
                0x0800a470       0x74 obj/release/sdk/stm/usb/src/usbd_core.o
                0x0800a470                USBD_LL_DataOutStage
 .text.USBD_LL_DataInStage
                0x0800a4e4       0xac obj/release/sdk/stm/usb/src/usbd_core.o
                0x0800a4e4                USBD_LL_DataInStage
 .text.USBD_LL_Reset
                0x0800a590       0x48 obj/release/sdk/stm/usb/src/usbd_core.o
                0x0800a590                USBD_LL_Reset
 .text.USBD_LL_SetSpeed
                0x0800a5d8        0x6 obj/release/sdk/stm/usb/src/usbd_core.o
                0x0800a5d8                USBD_LL_SetSpeed
 .text.USBD_LL_Suspend
                0x0800a5de       0x16 obj/release/sdk/stm/usb/src/usbd_core.o
                0x0800a5de                USBD_LL_Suspend
 .text.USBD_LL_Resume
                0x0800a5f4        0xe obj/release/sdk/stm/usb/src/usbd_core.o
                0x0800a5f4                USBD_LL_Resume
 .text.USBD_LL_SOF
                0x0800a602       0x1e obj/release/sdk/stm/usb/src/usbd_core.o
                0x0800a602                USBD_LL_SOF
 .text.SystemInit
                0x0800a620       0x90 obj/release/sdk/sys/src/system_stm32l0xx.o
                0x0800a620                SystemInit
 .text.Reset_Handler
                0x0800a6b0       0x50 obj/release/sdk/sys/src/startup_stm32l083xx.o
                0x0800a6b0                Reset_Handler
 .text.Default_Handler
                0x0800a700        0x2 obj/release/sdk/sys/src/startup_stm32l083xx.o
                0x0800a700                TSC_IRQHandler
                0x0800a700                PVD_IRQHandler
                0x0800a700                I2C1_IRQHandler
                0x0800a700                RCC_CRS_IRQHandler
                0x0800a700                SPI1_IRQHandler
                0x0800a700                I2C2_IRQHandler
                0x0800a700                LCD_IRQHandler
                0x0800a700                Default_Handler
                0x0800a700                TIM22_IRQHandler
                0x0800a700                TIM7_IRQHandler
                0x0800a700                I2C3_IRQHandler
                0x0800a700                SPI2_IRQHandler
                0x0800a700                TIM21_IRQHandler
                0x0800a700                WWDG_IRQHandler
                0x0800a700                FLASH_IRQHandler
                0x0800a700                LPTIM1_IRQHandler
 *fill*         0x0800a702        0x2 
 .text.memcmp   0x0800a704       0x4c d:/program files (x86)/bigclown toolchain/gcc/bin/../lib/gcc/arm-none-eabi/7.3.1/../../../../arm-none-eabi/lib/thumb/v6-m\libc.a(lib_a-memcmp.o)
                0x0800a704                memcmp
 .text.memcpy   0x0800a750       0x88 d:/program files (x86)/bigclown toolchain/gcc/bin/../lib/gcc/arm-none-eabi/7.3.1/../../../../arm-none-eabi/lib/thumb/v6-m\libc.a(lib_a-memcpy-stub.o)
                0x0800a750                memcpy
 .text.memmove  0x0800a7d8       0x9c d:/program files (x86)/bigclown toolchain/gcc/bin/../lib/gcc/arm-none-eabi/7.3.1/../../../../arm-none-eabi/lib/thumb/v6-m\libc.a(lib_a-memmove.o)
                0x0800a7d8                memmove
 .text.rand     0x0800a874       0x34 d:/program files (x86)/bigclown toolchain/gcc/bin/../lib/gcc/arm-none-eabi/7.3.1/../../../../arm-none-eabi/lib/thumb/v6-m\libc.a(lib_a-rand.o)
                0x0800a874                rand
 .text.strcpy   0x0800a8a8       0x10 d:/program files (x86)/bigclown toolchain/gcc/bin/../lib/gcc/arm-none-eabi/7.3.1/../../../../arm-none-eabi/lib/thumb/v6-m\libc.a(lib_a-strcpy.o)
                0x0800a8a8                strcpy
 .text.strlen   0x0800a8b8       0x64 d:/program files (x86)/bigclown toolchain/gcc/bin/../lib/gcc/arm-none-eabi/7.3.1/../../../../arm-none-eabi/lib/thumb/v6-m\libc.a(lib_a-strlen-stub.o)
                0x0800a8b8                strlen
 .text.strncpy  0x0800a91c       0x8c d:/program files (x86)/bigclown toolchain/gcc/bin/../lib/gcc/arm-none-eabi/7.3.1/../../../../arm-none-eabi/lib/thumb/v6-m\libc.a(lib_a-strncpy.o)
                0x0800a91c                strncpy
 .text.round    0x0800a9a8       0xb0 d:/program files (x86)/bigclown toolchain/gcc/bin/../lib/gcc/arm-none-eabi/7.3.1/../../../../arm-none-eabi/lib/thumb/v6-m\libm.a(lib_a-s_round.o)
                0x0800a9a8                round
 *(.glue_7)
 .glue_7        0x0800aa58        0x0 linker stubs
 *(.glue_7t)
 .glue_7t       0x0800aa58        0x0 linker stubs
 *(.eh_frame)
 .eh_frame      0x0800aa58        0x0 d:/program files (x86)/bigclown toolchain/gcc/bin/../lib/gcc/arm-none-eabi/7.3.1/thumb/v6-m/crtbegin.o
 *(.init)
 .init          0x0800aa58        0x4 d:/program files (x86)/bigclown toolchain/gcc/bin/../lib/gcc/arm-none-eabi/7.3.1/thumb/v6-m/crti.o
                0x0800aa58                _init
 .init          0x0800aa5c        0x8 d:/program files (x86)/bigclown toolchain/gcc/bin/../lib/gcc/arm-none-eabi/7.3.1/thumb/v6-m/crtn.o
 *(.fini)
 .fini          0x0800aa64        0x4 d:/program files (x86)/bigclown toolchain/gcc/bin/../lib/gcc/arm-none-eabi/7.3.1/thumb/v6-m/crti.o
                0x0800aa64                _fini
 .fini          0x0800aa68        0x8 d:/program files (x86)/bigclown toolchain/gcc/bin/../lib/gcc/arm-none-eabi/7.3.1/thumb/v6-m/crtn.o
                0x0800aa70                . = ALIGN (0x4)
                0x0800aa70                _etext = .

.vfp11_veneer   0x0800aa70        0x0
 .vfp11_veneer  0x0800aa70        0x0 linker stubs

.v4_bx          0x0800aa70        0x0
 .v4_bx         0x0800aa70        0x0 linker stubs

.iplt           0x0800aa70        0x0
 .iplt          0x0800aa70        0x0 d:/program files (x86)/bigclown toolchain/gcc/bin/../lib/gcc/arm-none-eabi/7.3.1/thumb/v6-m/crtbegin.o

.rodata         0x0800aa70      0x520
                0x0800aa70                . = ALIGN (0x4)
 *(.rodata)
 .rodata        0x0800aa70       0x80 d:/program files (x86)/bigclown toolchain/gcc/bin/../lib/gcc/arm-none-eabi/7.3.1/thumb/v6-m\libgcc.a(divsf3.o)
 .rodata        0x0800aaf0       0x40 d:/program files (x86)/bigclown toolchain/gcc/bin/../lib/gcc/arm-none-eabi/7.3.1/thumb/v6-m\libgcc.a(mulsf3.o)
 .rodata        0x0800ab30       0x40 d:/program files (x86)/bigclown toolchain/gcc/bin/../lib/gcc/arm-none-eabi/7.3.1/thumb/v6-m\libgcc.a(divdf3.o)
 .rodata        0x0800ab70       0x40 d:/program files (x86)/bigclown toolchain/gcc/bin/../lib/gcc/arm-none-eabi/7.3.1/thumb/v6-m\libgcc.a(muldf3.o)
 *(.rodata*)
 .rodata._global_impure_ptr
                0x0800abb0        0x4 d:/program files (x86)/bigclown toolchain/gcc/bin/../lib/gcc/arm-none-eabi/7.3.1/../../../../arm-none-eabi/lib/thumb/v6-m\libc.a(lib_a-impure.o)
                0x0800abb0                _global_impure_ptr
 .rodata.application_init.str1.1
                0x0800abb4       0x1a obj/release/app/application.o
 .rodata.button_event_handler.str1.1
                0x0800abce        0x8 obj/release/app/application.o
 *fill*         0x0800abd6        0x2 
 .rodata._bc_led_driver_gpio
                0x0800abd8        0xc obj/release/sdk/bcl/src/bc_led.o
 .rodata._bc_button_driver_gpio
                0x0800abe4        0x8 obj/release/sdk/bcl/src/bc_button.o
 .rodata._bc_ds28e17_set_speed_lut
                0x0800abec        0x2 obj/release/sdk/bcl/src/bc_ds28e17.o
 *fill*         0x0800abee        0x2 
 .rodata._bc_lis2dh12_fs_lut
                0x0800abf0       0x10 obj/release/sdk/bcl/src/bc_lis2dh12.o
 .rodata.bc_system_clock_table
                0x0800ac00        0xc obj/release/sdk/bcl/src/bc_system.o
 .rodata.oddparity.7673
                0x0800ac0c       0x10 obj/release/sdk/bcl/src/bc_onewire.o
 .rodata._bc_gpio_16_bit_pos
                0x0800ac1c       0x28 obj/release/sdk/bcl/src/bc_gpio.o
 .rodata._bc_gpio_32_bit_mask
                0x0800ac44      0x140 obj/release/sdk/bcl/src/bc_gpio.o
 .rodata._bc_gpio_32_bit_pos
                0x0800ad84       0x28 obj/release/sdk/bcl/src/bc_gpio.o
 .rodata._bc_gpio_iopenr_mask
                0x0800adac       0x14 obj/release/sdk/bcl/src/bc_gpio.o
 .rodata.bc_gpio_16_bit_mask
                0x0800adc0       0x28 obj/release/sdk/bcl/src/bc_gpio.o
                0x0800adc0                bc_gpio_16_bit_mask
 .rodata.bc_gpio_32_bit_upper_mask
                0x0800ade8       0x50 obj/release/sdk/bcl/src/bc_gpio.o
                0x0800ade8                bc_gpio_32_bit_upper_mask
 .rodata.bc_gpio_port
                0x0800ae38       0x50 obj/release/sdk/bcl/src/bc_gpio.o
                0x0800ae38                bc_gpio_port
 .rodata._bc_radio_task.str1.1
                0x0800ae88        0x8 obj/release/sdk/bcl/src/bc_radio.o
                                  0x1 (size before relaxing)
 .rodata._bc_module_sensor_channel_gpio_lut
                0x0800ae88        0x2 obj/release/sdk/bcl/src/bc_module_sensor.o
 .rodata._bc_module_sensor_channel_virtual_4k7_lut
                0x0800ae8a        0x2 obj/release/sdk/bcl/src/bc_module_sensor.o
 .rodata._bc_module_sensor_channel_virtual_56r_lut
                0x0800ae8c        0x2 obj/release/sdk/bcl/src/bc_module_sensor.o
 .rodata._bc_timer_prescaler_lut
                0x0800ae8e        0x6 obj/release/sdk/bcl/src/bc_timer.o
                0x0800ae8e                _bc_timer_prescaler_lut
 .rodata.oversampling_register_lut.6413
                0x0800ae94       0x12 obj/release/sdk/bcl/src/bc_adc.o
 .rodata.CSWTCH.17
                0x0800aea6        0x4 obj/release/sdk/bcl/stm/src/usbd_conf.o
 .rodata.s_vectcBHalfFactor
                0x0800aeaa        0x4 obj/release/sdk/stm/spirit1/src/SPIRIT_Radio.o
 .rodata.s_vectcBandRegValue
                0x0800aeae        0x4 obj/release/sdk/stm/spirit1/src/SPIRIT_Radio.o
 .rodata.s_vectnBandwidth26M
                0x0800aeb2       0xb4 obj/release/sdk/stm/spirit1/src/SPIRIT_Radio.o
 .rodata.s_vectnVCOFreq
                0x0800af66       0x20 obj/release/sdk/stm/spirit1/src/SPIRIT_Radio.o
 .rodata.s_vectcBHalfFactor
                0x0800af86        0x4 obj/release/sdk/stm/spirit1/src/SPIRIT_Management.o
 .rodata.s_vectcBandRegValue
                0x0800af8a        0x4 obj/release/sdk/stm/spirit1/src/SPIRIT_Management.o
                0x0800af90                . = ALIGN (0x4)
 *fill*         0x0800af8e        0x2 

.rel.dyn        0x0800af90        0x0
 .rel.iplt      0x0800af90        0x0 d:/program files (x86)/bigclown toolchain/gcc/bin/../lib/gcc/arm-none-eabi/7.3.1/thumb/v6-m/crtbegin.o

.ARM.extab
 *(.ARM.extab* .gnu.linkonce.armextab.*)

.ARM            0x0800af90        0x0
                0x0800af90                __exidx_start = .
 *(.ARM.exidx*)
                0x0800af90                __exidx_end = .

.preinit_array  0x0800af90        0x0
                0x0800af90                PROVIDE (__preinit_array_start = .)
 *(.preinit_array*)
                0x0800af90                PROVIDE (__preinit_array_end = .)

.init_array     0x0800af90        0x8
                0x0800af90                PROVIDE (__init_array_start = .)
 *(SORT_BY_NAME(.init_array.*))
 .init_array.00000
                0x0800af90        0x4 d:/program files (x86)/bigclown toolchain/gcc/bin/../lib/gcc/arm-none-eabi/7.3.1/../../../../arm-none-eabi/lib/thumb/v6-m\libc.a(lib_a-__call_atexit.o)
 *(.init_array*)
 .init_array    0x0800af94        0x4 d:/program files (x86)/bigclown toolchain/gcc/bin/../lib/gcc/arm-none-eabi/7.3.1/thumb/v6-m/crtbegin.o
                0x0800af98                PROVIDE (__init_array_end = .)

.fini_array     0x0800af98        0x4
                0x0800af98                PROVIDE (__fini_array_start = .)
 *(SORT_BY_NAME(.fini_array.*))
 *(.fini_array*)
 .fini_array    0x0800af98        0x4 d:/program files (x86)/bigclown toolchain/gcc/bin/../lib/gcc/arm-none-eabi/7.3.1/thumb/v6-m/crtbegin.o
                0x0800af9c                PROVIDE (__fini_array_end = .)
                0x0800af9c                _sidata = LOADADDR (.data)

.data           0x20000000      0x538 load address 0x0800af9c
                0x20000000                . = ALIGN (0x4)
                0x20000000                _sdata = .
 *(.data)
 *(.data*)
 .data._impure_ptr
                0x20000000        0x4 d:/program files (x86)/bigclown toolchain/gcc/bin/../lib/gcc/arm-none-eabi/7.3.1/../../../../arm-none-eabi/lib/thumb/v6-m\libc.a(lib_a-impure.o)
                0x20000000                _impure_ptr
 *fill*         0x20000004        0x4 
 .data.impure_data
                0x20000008      0x428 d:/program files (x86)/bigclown toolchain/gcc/bin/../lib/gcc/arm-none-eabi/7.3.1/../../../../arm-none-eabi/lib/thumb/v6-m\libc.a(lib_a-impure.o)
 .data.__atexit_recursive_mutex
                0x20000430        0x4 d:/program files (x86)/bigclown toolchain/gcc/bin/../lib/gcc/arm-none-eabi/7.3.1/../../../../arm-none-eabi/lib/thumb/v6-m\libc.a(lib_a-__call_atexit.o)
                0x20000430                __atexit_recursive_mutex
 .data.level    0x20000434        0x4 obj/release/app/application.o
                0x20000434                level
 .data._bc_i2c  0x20000438       0x24 obj/release/sdk/bcl/src/bc_i2c.o